<!doctype html public "-//w3c//dtd html 4.0 transitional//en">
<html><head>
<title>Static Call Graph - [.\_build\nrf51422_xxac_s110.axf]</title></head>
<body><HR>
<H1>Static Call Graph for image .\_build\nrf51422_xxac_s110.axf</H1><HR>
<BR><P>#&#060CALLGRAPH&#062# ARM Linker, 5050169: Last Updated: Thu Oct 22 13:37:48 2015
<BR><P>
<H3>Maximum Stack Usage =        320 bytes + Unknown(Cycles, Untraceable Function Pointers)</H3><H3>
Call chain for Maximum Stack Depth:</H3>
main &rArr; ble_advdata_set &rArr; adv_data_encode &rArr; uuid_list_encode &rArr; uuid_list_sized_encode
<P>
<H3>
Mutually Recursive functions
</H3> <LI><a href="#[1]">NMI_Handler</a>&nbsp;&nbsp;&nbsp;&rArr;&nbsp;&nbsp;&nbsp;<a href="#[1]">NMI_Handler</a><BR>
 <LI><a href="#[2]">HardFault_Handler</a>&nbsp;&nbsp;&nbsp;&rArr;&nbsp;&nbsp;&nbsp;<a href="#[2]">HardFault_Handler</a><BR>
 <LI><a href="#[3]">SVC_Handler</a>&nbsp;&nbsp;&nbsp;&rArr;&nbsp;&nbsp;&nbsp;<a href="#[3]">SVC_Handler</a><BR>
 <LI><a href="#[4]">PendSV_Handler</a>&nbsp;&nbsp;&nbsp;&rArr;&nbsp;&nbsp;&nbsp;<a href="#[4]">PendSV_Handler</a><BR>
 <LI><a href="#[5]">SysTick_Handler</a>&nbsp;&nbsp;&nbsp;&rArr;&nbsp;&nbsp;&nbsp;<a href="#[5]">SysTick_Handler</a><BR>
 <LI><a href="#[c]">ADC_IRQHandler</a>&nbsp;&nbsp;&nbsp;&rArr;&nbsp;&nbsp;&nbsp;<a href="#[c]">ADC_IRQHandler</a><BR>
 <LI><a href="#[32]">__asm___11_app_timer_c_cd27f9c3__nrf_delay_us</a>&nbsp;&nbsp;&nbsp;&rArr;&nbsp;&nbsp;&nbsp;<a href="#[32]">__asm___11_app_timer_c_cd27f9c3__nrf_delay_us</a><BR>
 <LI><a href="#[2f]">__asm___16_sys_i2c_driver_c_47448f17__nrf_delay_us</a>&nbsp;&nbsp;&nbsp;&rArr;&nbsp;&nbsp;&nbsp;<a href="#[2f]">__asm___16_sys_i2c_driver_c_47448f17__nrf_delay_us</a><BR>
 <LI><a href="#[30]">__asm___17_sys_dust_sensor_c_be843af8__nrf_delay_us</a>&nbsp;&nbsp;&nbsp;&rArr;&nbsp;&nbsp;&nbsp;<a href="#[30]">__asm___17_sys_dust_sensor_c_be843af8__nrf_delay_us</a><BR>
 <LI><a href="#[31]">__asm___11_nrf_delay_c_532987f3__nrf_delay_us</a>&nbsp;&nbsp;&nbsp;&rArr;&nbsp;&nbsp;&nbsp;<a href="#[31]">__asm___11_nrf_delay_c_532987f3__nrf_delay_us</a><BR>
</UL>
<P>
<H3>
Function Pointers
</H3><UL>
 <LI><a href="#[c]">ADC_IRQHandler</a> from arm_startup_nrf51.o(.text) referenced from arm_startup_nrf51.o(RESET)
 <LI><a href="#[14]">CCM_AAR_IRQHandler</a> from arm_startup_nrf51.o(.text) referenced from arm_startup_nrf51.o(RESET)
 <LI><a href="#[13]">ECB_IRQHandler</a> from arm_startup_nrf51.o(.text) referenced from arm_startup_nrf51.o(RESET)
 <LI><a href="#[b]">GPIOTE_IRQHandler</a> from sys_interrupt.o(i.GPIOTE_IRQHandler) referenced from arm_startup_nrf51.o(RESET)
 <LI><a href="#[2]">HardFault_Handler</a> from arm_startup_nrf51.o(.text) referenced from arm_startup_nrf51.o(RESET)
 <LI><a href="#[18]">LPCOMP_IRQHandler</a> from arm_startup_nrf51.o(.text) referenced from arm_startup_nrf51.o(RESET)
 <LI><a href="#[1]">NMI_Handler</a> from arm_startup_nrf51.o(.text) referenced from arm_startup_nrf51.o(RESET)
 <LI><a href="#[6]">POWER_CLOCK_IRQHandler</a> from arm_startup_nrf51.o(.text) referenced from arm_startup_nrf51.o(RESET)
 <LI><a href="#[4]">PendSV_Handler</a> from arm_startup_nrf51.o(.text) referenced from arm_startup_nrf51.o(RESET)
 <LI><a href="#[17]">QDEC_IRQHandler</a> from arm_startup_nrf51.o(.text) referenced from arm_startup_nrf51.o(RESET)
 <LI><a href="#[7]">RADIO_IRQHandler</a> from arm_startup_nrf51.o(.text) referenced from arm_startup_nrf51.o(RESET)
 <LI><a href="#[12]">RNG_IRQHandler</a> from arm_startup_nrf51.o(.text) referenced from arm_startup_nrf51.o(RESET)
 <LI><a href="#[10]">RTC0_IRQHandler</a> from arm_startup_nrf51.o(.text) referenced from arm_startup_nrf51.o(RESET)
 <LI><a href="#[16]">RTC1_IRQHandler</a> from app_timer.o(i.RTC1_IRQHandler) referenced from arm_startup_nrf51.o(RESET)
 <LI><a href="#[0]">Reset_Handler</a> from arm_startup_nrf51.o(.text) referenced from arm_startup_nrf51.o(RESET)
 <LI><a href="#[9]">SPI0_TWI0_IRQHandler</a> from arm_startup_nrf51.o(.text) referenced from arm_startup_nrf51.o(RESET)
 <LI><a href="#[a]">SPI1_TWI1_IRQHandler</a> from arm_startup_nrf51.o(.text) referenced from arm_startup_nrf51.o(RESET)
 <LI><a href="#[3]">SVC_Handler</a> from arm_startup_nrf51.o(.text) referenced from arm_startup_nrf51.o(RESET)
 <LI><a href="#[19]">SWI0_IRQHandler</a> from app_timer.o(i.SWI0_IRQHandler) referenced from arm_startup_nrf51.o(RESET)
 <LI><a href="#[1a]">SWI1_IRQHandler</a> from arm_startup_nrf51.o(.text) referenced from arm_startup_nrf51.o(RESET)
 <LI><a href="#[1b]">SWI2_IRQHandler</a> from softdevice_handler.o(i.SWI2_IRQHandler) referenced from arm_startup_nrf51.o(RESET)
 <LI><a href="#[1c]">SWI3_IRQHandler</a> from arm_startup_nrf51.o(.text) referenced from arm_startup_nrf51.o(RESET)
 <LI><a href="#[1d]">SWI4_IRQHandler</a> from arm_startup_nrf51.o(.text) referenced from arm_startup_nrf51.o(RESET)
 <LI><a href="#[1e]">SWI5_IRQHandler</a> from arm_startup_nrf51.o(.text) referenced from arm_startup_nrf51.o(RESET)
 <LI><a href="#[5]">SysTick_Handler</a> from arm_startup_nrf51.o(.text) referenced from arm_startup_nrf51.o(RESET)
 <LI><a href="#[20]">SystemInit</a> from system_nrf51.o(i.SystemInit) referenced from arm_startup_nrf51.o(.text)
 <LI><a href="#[11]">TEMP_IRQHandler</a> from arm_startup_nrf51.o(.text) referenced from arm_startup_nrf51.o(RESET)
 <LI><a href="#[d]">TIMER0_IRQHandler</a> from arm_startup_nrf51.o(.text) referenced from arm_startup_nrf51.o(RESET)
 <LI><a href="#[e]">TIMER1_IRQHandler</a> from arm_startup_nrf51.o(.text) referenced from arm_startup_nrf51.o(RESET)
 <LI><a href="#[f]">TIMER2_IRQHandler</a> from sys_interrupt.o(i.TIMER2_IRQHandler) referenced from arm_startup_nrf51.o(RESET)
 <LI><a href="#[8]">UART0_IRQHandler</a> from main.o(i.UART0_IRQHandler) referenced from arm_startup_nrf51.o(RESET)
 <LI><a href="#[15]">WDT_IRQHandler</a> from arm_startup_nrf51.o(.text) referenced from arm_startup_nrf51.o(RESET)
 <LI><a href="#[21]">__main</a> from entry.o(.ARM.Collect$$$$00000000) referenced from arm_startup_nrf51.o(.text)
 <LI><a href="#[22]">_sputc</a> from printfa.o(i._sputc) referenced from printfa.o(i.__0vsprintf)
 <LI><a href="#[24]">ble_evt_dispatch</a> from main.o(i.ble_evt_dispatch) referenced from main.o(i.main)
 <LI><a href="#[2c]">bsp_button_event_handler</a> from bsp.o(i.bsp_button_event_handler) referenced 2 times from bsp.o(.constdata)
 <LI><a href="#[27]">conn_params_error_handler</a> from main.o(i.conn_params_error_handler) referenced from main.o(i.main)
 <LI><a href="#[1f]">main</a> from main.o(i.main) referenced from entry9a.o(.ARM.Collect$$$$0000000B)
 <LI><a href="#[25]">nus_data_handler</a> from main.o(i.nus_data_handler) referenced from main.o(i.main)
 <LI><a href="#[26]">on_conn_params_evt</a> from main.o(i.on_conn_params_evt) referenced from main.o(i.main)
 <LI><a href="#[28]">softdevice_assertion_handler</a> from softdevice_handler.o(i.softdevice_assertion_handler) referenced from softdevice_handler.o(i.softdevice_handler_init)
 <LI><a href="#[2b]">sys_Ble_Led_Timer_Handler</a> from sys_interrupt.o(i.sys_Ble_Led_Timer_Handler) referenced from main.o(i.sys_Timer_Handler_Init)
 <LI><a href="#[2a]">sys_Ble_Tx_Handler</a> from sys_interrupt.o(i.sys_Ble_Tx_Handler) referenced from main.o(i.sys_Timer_Handler_Init)
 <LI><a href="#[29]">sys_Main_Timer_Handler</a> from sys_interrupt.o(i.sys_Main_Timer_Handler) referenced from main.o(i.sys_Timer_Handler_Init)
 <LI><a href="#[23]">update_timeout_handler</a> from ble_conn_params.o(i.update_timeout_handler) referenced from ble_conn_params.o(i.ble_conn_params_init)
</UL>
<P>
<H3>
Global Symbols
</H3>
<P><STRONG><a name="[21]"></a>__main</STRONG> (Thumb, 0 bytes, Stack size unknown bytes, entry.o(.ARM.Collect$$$$00000000))
<BR>[Address Reference Count : 1]<UL><LI> arm_startup_nrf51.o(.text)
</UL>
<P><STRONG><a name="[d3]"></a>_main_stk</STRONG> (Thumb, 0 bytes, Stack size unknown bytes, entry2.o(.ARM.Collect$$$$00000001))

<P><STRONG><a name="[2d]"></a>_main_scatterload</STRONG> (Thumb, 0 bytes, Stack size unknown bytes, entry5.o(.ARM.Collect$$$$00000004))
<BR><BR>[Calls]<UL><LI><a href="#[2e]">&gt;&gt;</a>&nbsp;&nbsp;&nbsp;__scatterload
</UL>

<P><STRONG><a name="[48]"></a>__main_after_scatterload</STRONG> (Thumb, 0 bytes, Stack size unknown bytes, entry5.o(.ARM.Collect$$$$00000004))
<BR><BR>[Called By]<UL><LI><a href="#[2e]">&gt;&gt;</a>&nbsp;&nbsp;&nbsp;__scatterload
</UL>

<P><STRONG><a name="[d4]"></a>_main_clock</STRONG> (Thumb, 0 bytes, Stack size unknown bytes, entry7b.o(.ARM.Collect$$$$00000008))

<P><STRONG><a name="[d5]"></a>_main_cpp_init</STRONG> (Thumb, 0 bytes, Stack size unknown bytes, entry8b.o(.ARM.Collect$$$$0000000A))

<P><STRONG><a name="[d6]"></a>_main_init</STRONG> (Thumb, 0 bytes, Stack size unknown bytes, entry9a.o(.ARM.Collect$$$$0000000B))

<P><STRONG><a name="[d7]"></a>__rt_final_cpp</STRONG> (Thumb, 0 bytes, Stack size unknown bytes, entry10a.o(.ARM.Collect$$$$0000000D))

<P><STRONG><a name="[d8]"></a>__rt_final_exit</STRONG> (Thumb, 0 bytes, Stack size unknown bytes, entry11a.o(.ARM.Collect$$$$0000000F))

<P><STRONG><a name="[2f]"></a>__asm___16_sys_i2c_driver_c_47448f17__nrf_delay_us</STRONG> (Thumb, 30 bytes, Stack size 0 bytes, sys_i2c_driver.o(.emb_text))
<BR><BR>[Calls]<UL><LI><a href="#[2f]">&gt;&gt;</a>&nbsp;&nbsp;&nbsp;__asm___16_sys_i2c_driver_c_47448f17__nrf_delay_us
</UL>
<BR>[Called By]<UL><LI><a href="#[2f]">&gt;&gt;</a>&nbsp;&nbsp;&nbsp;__asm___16_sys_i2c_driver_c_47448f17__nrf_delay_us
<LI><a href="#[cf]">&gt;&gt;</a>&nbsp;&nbsp;&nbsp;twi_master_clear_bus
</UL>

<P><STRONG><a name="[30]"></a>__asm___17_sys_dust_sensor_c_be843af8__nrf_delay_us</STRONG> (Thumb, 30 bytes, Stack size 0 bytes, sys_dust_sensor.o(.emb_text))
<BR><BR>[Calls]<UL><LI><a href="#[30]">&gt;&gt;</a>&nbsp;&nbsp;&nbsp;__asm___17_sys_dust_sensor_c_be843af8__nrf_delay_us
</UL>
<BR>[Called By]<UL><LI><a href="#[30]">&gt;&gt;</a>&nbsp;&nbsp;&nbsp;__asm___17_sys_dust_sensor_c_be843af8__nrf_delay_us
<LI><a href="#[4a]">&gt;&gt;</a>&nbsp;&nbsp;&nbsp;sys_GetDustSensorValue
</UL>

<P><STRONG><a name="[31]"></a>__asm___11_nrf_delay_c_532987f3__nrf_delay_us</STRONG> (Thumb, 30 bytes, Stack size 0 bytes, nrf_delay.o(.emb_text))
<BR><BR>[Calls]<UL><LI><a href="#[31]">&gt;&gt;</a>&nbsp;&nbsp;&nbsp;__asm___11_nrf_delay_c_532987f3__nrf_delay_us
</UL>
<BR>[Called By]<UL><LI><a href="#[94]">&gt;&gt;</a>&nbsp;&nbsp;&nbsp;nrf_delay_ms
<LI><a href="#[31]">&gt;&gt;</a>&nbsp;&nbsp;&nbsp;__asm___11_nrf_delay_c_532987f3__nrf_delay_us
</UL>

<P><STRONG><a name="[32]"></a>__asm___11_app_timer_c_cd27f9c3__nrf_delay_us</STRONG> (Thumb, 30 bytes, Stack size 0 bytes, app_timer.o(.emb_text))
<BR><BR>[Calls]<UL><LI><a href="#[32]">&gt;&gt;</a>&nbsp;&nbsp;&nbsp;__asm___11_app_timer_c_cd27f9c3__nrf_delay_us
</UL>
<BR>[Called By]<UL><LI><a href="#[32]">&gt;&gt;</a>&nbsp;&nbsp;&nbsp;__asm___11_app_timer_c_cd27f9c3__nrf_delay_us
<LI><a href="#[71]">&gt;&gt;</a>&nbsp;&nbsp;&nbsp;rtc1_stop
<LI><a href="#[57]">&gt;&gt;</a>&nbsp;&nbsp;&nbsp;compare_reg_update
</UL>

<P><STRONG><a name="[0]"></a>Reset_Handler</STRONG> (Thumb, 26 bytes, Stack size 0 bytes, arm_startup_nrf51.o(.text))
<BR>[Address Reference Count : 1]<UL><LI> arm_startup_nrf51.o(RESET)
</UL>
<P><STRONG><a name="[1]"></a>NMI_Handler</STRONG> (Thumb, 2 bytes, Stack size 0 bytes, arm_startup_nrf51.o(.text))
<BR><BR>[Calls]<UL><LI><a href="#[1]">&gt;&gt;</a>&nbsp;&nbsp;&nbsp;NMI_Handler
</UL>
<BR>[Called By]<UL><LI><a href="#[1]">&gt;&gt;</a>&nbsp;&nbsp;&nbsp;NMI_Handler
</UL>
<BR>[Address Reference Count : 1]<UL><LI> arm_startup_nrf51.o(RESET)
</UL>
<P><STRONG><a name="[2]"></a>HardFault_Handler</STRONG> (Thumb, 2 bytes, Stack size 0 bytes, arm_startup_nrf51.o(.text))
<BR><BR>[Calls]<UL><LI><a href="#[2]">&gt;&gt;</a>&nbsp;&nbsp;&nbsp;HardFault_Handler
</UL>
<BR>[Called By]<UL><LI><a href="#[2]">&gt;&gt;</a>&nbsp;&nbsp;&nbsp;HardFault_Handler
</UL>
<BR>[Address Reference Count : 1]<UL><LI> arm_startup_nrf51.o(RESET)
</UL>
<P><STRONG><a name="[3]"></a>SVC_Handler</STRONG> (Thumb, 2 bytes, Stack size 0 bytes, arm_startup_nrf51.o(.text))
<BR><BR>[Calls]<UL><LI><a href="#[3]">&gt;&gt;</a>&nbsp;&nbsp;&nbsp;SVC_Handler
</UL>
<BR>[Called By]<UL><LI><a href="#[3]">&gt;&gt;</a>&nbsp;&nbsp;&nbsp;SVC_Handler
</UL>
<BR>[Address Reference Count : 1]<UL><LI> arm_startup_nrf51.o(RESET)
</UL>
<P><STRONG><a name="[4]"></a>PendSV_Handler</STRONG> (Thumb, 2 bytes, Stack size 0 bytes, arm_startup_nrf51.o(.text))
<BR><BR>[Calls]<UL><LI><a href="#[4]">&gt;&gt;</a>&nbsp;&nbsp;&nbsp;PendSV_Handler
</UL>
<BR>[Called By]<UL><LI><a href="#[4]">&gt;&gt;</a>&nbsp;&nbsp;&nbsp;PendSV_Handler
</UL>
<BR>[Address Reference Count : 1]<UL><LI> arm_startup_nrf51.o(RESET)
</UL>
<P><STRONG><a name="[5]"></a>SysTick_Handler</STRONG> (Thumb, 2 bytes, Stack size 0 bytes, arm_startup_nrf51.o(.text))
<BR><BR>[Calls]<UL><LI><a href="#[5]">&gt;&gt;</a>&nbsp;&nbsp;&nbsp;SysTick_Handler
</UL>
<BR>[Called By]<UL><LI><a href="#[5]">&gt;&gt;</a>&nbsp;&nbsp;&nbsp;SysTick_Handler
</UL>
<BR>[Address Reference Count : 1]<UL><LI> arm_startup_nrf51.o(RESET)
</UL>
<P><STRONG><a name="[c]"></a>ADC_IRQHandler</STRONG> (Thumb, 0 bytes, Stack size 0 bytes, arm_startup_nrf51.o(.text))
<BR><BR>[Calls]<UL><LI><a href="#[c]">&gt;&gt;</a>&nbsp;&nbsp;&nbsp;ADC_IRQHandler
</UL>
<BR>[Called By]<UL><LI><a href="#[c]">&gt;&gt;</a>&nbsp;&nbsp;&nbsp;ADC_IRQHandler
</UL>
<BR>[Address Reference Count : 1]<UL><LI> arm_startup_nrf51.o(RESET)
</UL>
<P><STRONG><a name="[14]"></a>CCM_AAR_IRQHandler</STRONG> (Thumb, 0 bytes, Stack size 0 bytes, arm_startup_nrf51.o(.text))
<BR>[Address Reference Count : 1]<UL><LI> arm_startup_nrf51.o(RESET)
</UL>
<P><STRONG><a name="[13]"></a>ECB_IRQHandler</STRONG> (Thumb, 0 bytes, Stack size 0 bytes, arm_startup_nrf51.o(.text))
<BR>[Address Reference Count : 1]<UL><LI> arm_startup_nrf51.o(RESET)
</UL>
<P><STRONG><a name="[18]"></a>LPCOMP_IRQHandler</STRONG> (Thumb, 0 bytes, Stack size 0 bytes, arm_startup_nrf51.o(.text))
<BR>[Address Reference Count : 1]<UL><LI> arm_startup_nrf51.o(RESET)
</UL>
<P><STRONG><a name="[6]"></a>POWER_CLOCK_IRQHandler</STRONG> (Thumb, 0 bytes, Stack size 0 bytes, arm_startup_nrf51.o(.text))
<BR>[Address Reference Count : 1]<UL><LI> arm_startup_nrf51.o(RESET)
</UL>
<P><STRONG><a name="[17]"></a>QDEC_IRQHandler</STRONG> (Thumb, 0 bytes, Stack size 0 bytes, arm_startup_nrf51.o(.text))
<BR>[Address Reference Count : 1]<UL><LI> arm_startup_nrf51.o(RESET)
</UL>
<P><STRONG><a name="[7]"></a>RADIO_IRQHandler</STRONG> (Thumb, 0 bytes, Stack size 0 bytes, arm_startup_nrf51.o(.text))
<BR>[Address Reference Count : 1]<UL><LI> arm_startup_nrf51.o(RESET)
</UL>
<P><STRONG><a name="[12]"></a>RNG_IRQHandler</STRONG> (Thumb, 0 bytes, Stack size 0 bytes, arm_startup_nrf51.o(.text))
<BR>[Address Reference Count : 1]<UL><LI> arm_startup_nrf51.o(RESET)
</UL>
<P><STRONG><a name="[10]"></a>RTC0_IRQHandler</STRONG> (Thumb, 0 bytes, Stack size 0 bytes, arm_startup_nrf51.o(.text))
<BR>[Address Reference Count : 1]<UL><LI> arm_startup_nrf51.o(RESET)
</UL>
<P><STRONG><a name="[9]"></a>SPI0_TWI0_IRQHandler</STRONG> (Thumb, 0 bytes, Stack size 0 bytes, arm_startup_nrf51.o(.text))
<BR>[Address Reference Count : 1]<UL><LI> arm_startup_nrf51.o(RESET)
</UL>
<P><STRONG><a name="[a]"></a>SPI1_TWI1_IRQHandler</STRONG> (Thumb, 0 bytes, Stack size 0 bytes, arm_startup_nrf51.o(.text))
<BR>[Address Reference Count : 1]<UL><LI> arm_startup_nrf51.o(RESET)
</UL>
<P><STRONG><a name="[1a]"></a>SWI1_IRQHandler</STRONG> (Thumb, 0 bytes, Stack size 0 bytes, arm_startup_nrf51.o(.text))
<BR>[Address Reference Count : 1]<UL><LI> arm_startup_nrf51.o(RESET)
</UL>
<P><STRONG><a name="[1c]"></a>SWI3_IRQHandler</STRONG> (Thumb, 0 bytes, Stack size 0 bytes, arm_startup_nrf51.o(.text))
<BR>[Address Reference Count : 1]<UL><LI> arm_startup_nrf51.o(RESET)
</UL>
<P><STRONG><a name="[1d]"></a>SWI4_IRQHandler</STRONG> (Thumb, 0 bytes, Stack size 0 bytes, arm_startup_nrf51.o(.text))
<BR>[Address Reference Count : 1]<UL><LI> arm_startup_nrf51.o(RESET)
</UL>
<P><STRONG><a name="[1e]"></a>SWI5_IRQHandler</STRONG> (Thumb, 0 bytes, Stack size 0 bytes, arm_startup_nrf51.o(.text))
<BR>[Address Reference Count : 1]<UL><LI> arm_startup_nrf51.o(RESET)
</UL>
<P><STRONG><a name="[11]"></a>TEMP_IRQHandler</STRONG> (Thumb, 0 bytes, Stack size 0 bytes, arm_startup_nrf51.o(.text))
<BR>[Address Reference Count : 1]<UL><LI> arm_startup_nrf51.o(RESET)
</UL>
<P><STRONG><a name="[d]"></a>TIMER0_IRQHandler</STRONG> (Thumb, 0 bytes, Stack size 0 bytes, arm_startup_nrf51.o(.text))
<BR>[Address Reference Count : 1]<UL><LI> arm_startup_nrf51.o(RESET)
</UL>
<P><STRONG><a name="[e]"></a>TIMER1_IRQHandler</STRONG> (Thumb, 0 bytes, Stack size 0 bytes, arm_startup_nrf51.o(.text))
<BR>[Address Reference Count : 1]<UL><LI> arm_startup_nrf51.o(RESET)
</UL>
<P><STRONG><a name="[15]"></a>WDT_IRQHandler</STRONG> (Thumb, 0 bytes, Stack size 0 bytes, arm_startup_nrf51.o(.text))
<BR>[Address Reference Count : 1]<UL><LI> arm_startup_nrf51.o(RESET)
</UL>
<P><STRONG><a name="[d9]"></a>__aeabi_uidiv</STRONG> (Thumb, 0 bytes, Stack size 12 bytes, uidiv.o(.text), UNUSED)

<P><STRONG><a name="[63]"></a>__aeabi_uidivmod</STRONG> (Thumb, 44 bytes, Stack size 12 bytes, uidiv.o(.text))
<BR><BR>[Stack]<UL><LI>Max Depth = 12<LI>Call Chain = __aeabi_uidivmod
</UL>
<BR>[Called By]<UL><LI><a href="#[88]">&gt;&gt;</a>&nbsp;&nbsp;&nbsp;bsp_led_indication
<LI><a href="#[84]">&gt;&gt;</a>&nbsp;&nbsp;&nbsp;bme280_compensate_pressure_int32
<LI><a href="#[4a]">&gt;&gt;</a>&nbsp;&nbsp;&nbsp;sys_GetDustSensorValue
<LI><a href="#[5e]">&gt;&gt;</a>&nbsp;&nbsp;&nbsp;_printf_core
</UL>

<P><STRONG><a name="[67]"></a>__aeabi_memcpy</STRONG> (Thumb, 36 bytes, Stack size 0 bytes, memcpya.o(.text))
<BR><BR>[Called By]<UL><LI><a href="#[7c]">&gt;&gt;</a>&nbsp;&nbsp;&nbsp;ble_conn_params_on_ble_evt
<LI><a href="#[79]">&gt;&gt;</a>&nbsp;&nbsp;&nbsp;ble_conn_params_init
<LI><a href="#[7f]">&gt;&gt;</a>&nbsp;&nbsp;&nbsp;on_ble_evt
<LI><a href="#[ac]">&gt;&gt;</a>&nbsp;&nbsp;&nbsp;sys_Bt_Nack_Cmd
<LI><a href="#[a4]">&gt;&gt;</a>&nbsp;&nbsp;&nbsp;sys_Ble_Model
<LI><a href="#[6b]">&gt;&gt;</a>&nbsp;&nbsp;&nbsp;service_data_encode
<LI><a href="#[6a]">&gt;&gt;</a>&nbsp;&nbsp;&nbsp;manuf_specific_data_encode
<LI><a href="#[64]">&gt;&gt;</a>&nbsp;&nbsp;&nbsp;adv_data_encode
</UL>

<P><STRONG><a name="[7a]"></a>__aeabi_memcpy4</STRONG> (Thumb, 0 bytes, Stack size 0 bytes, memcpya.o(.text))
<BR><BR>[Called By]<UL><LI><a href="#[79]">&gt;&gt;</a>&nbsp;&nbsp;&nbsp;ble_conn_params_init
</UL>

<P><STRONG><a name="[da]"></a>__aeabi_memcpy8</STRONG> (Thumb, 0 bytes, Stack size 0 bytes, memcpya.o(.text), UNUSED)

<P><STRONG><a name="[34]"></a>__aeabi_memset</STRONG> (Thumb, 14 bytes, Stack size 0 bytes, memseta.o(.text), UNUSED)
<BR><BR>[Called By]<UL><LI><a href="#[35]">&gt;&gt;</a>&nbsp;&nbsp;&nbsp;_memset$wrapper
<LI><a href="#[33]">&gt;&gt;</a>&nbsp;&nbsp;&nbsp;__aeabi_memclr
</UL>

<P><STRONG><a name="[db]"></a>__aeabi_memset4</STRONG> (Thumb, 0 bytes, Stack size 0 bytes, memseta.o(.text), UNUSED)

<P><STRONG><a name="[dc]"></a>__aeabi_memset8</STRONG> (Thumb, 0 bytes, Stack size 0 bytes, memseta.o(.text), UNUSED)

<P><STRONG><a name="[33]"></a>__aeabi_memclr</STRONG> (Thumb, 4 bytes, Stack size 0 bytes, memseta.o(.text), UNUSED)
<BR><BR>[Calls]<UL><LI><a href="#[34]">&gt;&gt;</a>&nbsp;&nbsp;&nbsp;__aeabi_memset
</UL>

<P><STRONG><a name="[6d]"></a>__aeabi_memclr4</STRONG> (Thumb, 0 bytes, Stack size 0 bytes, memseta.o(.text))
<BR><BR>[Called By]<UL><LI><a href="#[4d]">&gt;&gt;</a>&nbsp;&nbsp;&nbsp;sys_printf
<LI><a href="#[6f]">&gt;&gt;</a>&nbsp;&nbsp;&nbsp;app_gpiote_init
<LI><a href="#[1f]">&gt;&gt;</a>&nbsp;&nbsp;&nbsp;main
<LI><a href="#[6c]">&gt;&gt;</a>&nbsp;&nbsp;&nbsp;advertising_start
<LI><a href="#[82]">&gt;&gt;</a>&nbsp;&nbsp;&nbsp;tx_char_add
<LI><a href="#[81]">&gt;&gt;</a>&nbsp;&nbsp;&nbsp;rx_char_add
<LI><a href="#[86]">&gt;&gt;</a>&nbsp;&nbsp;&nbsp;bme280_get_calib_param
</UL>

<P><STRONG><a name="[dd]"></a>__aeabi_memclr8</STRONG> (Thumb, 0 bytes, Stack size 0 bytes, memseta.o(.text), UNUSED)

<P><STRONG><a name="[35]"></a>_memset$wrapper</STRONG> (Thumb, 18 bytes, Stack size 8 bytes, memseta.o(.text), UNUSED)
<BR><BR>[Calls]<UL><LI><a href="#[34]">&gt;&gt;</a>&nbsp;&nbsp;&nbsp;__aeabi_memset
</UL>

<P><STRONG><a name="[4b]"></a>__ARM_scalbnf</STRONG> (Thumb, 24 bytes, Stack size 0 bytes, fscalb.o(.text))
<BR><BR>[Called By]<UL><LI><a href="#[b7]">&gt;&gt;</a>&nbsp;&nbsp;&nbsp;sys_Get_Dust_sensor
<LI><a href="#[49]">&gt;&gt;</a>&nbsp;&nbsp;&nbsp;Dust_Sensor_Process
</UL>

<P><STRONG><a name="[de]"></a>scalbnf</STRONG> (Thumb, 0 bytes, Stack size 0 bytes, fscalb.o(.text), UNUSED)

<P><STRONG><a name="[36]"></a>__aeabi_dadd</STRONG> (Thumb, 328 bytes, Stack size 48 bytes, dadd.o(.text))
<BR><BR>[Stack]<UL><LI>Max Depth = 104<LI>Call Chain = __aeabi_dadd &rArr; _double_epilogue &rArr; __aeabi_llsr
</UL>
<BR>[Calls]<UL><LI><a href="#[38]">&gt;&gt;</a>&nbsp;&nbsp;&nbsp;__aeabi_lasr
<LI><a href="#[37]">&gt;&gt;</a>&nbsp;&nbsp;&nbsp;__aeabi_llsl
<LI><a href="#[3a]">&gt;&gt;</a>&nbsp;&nbsp;&nbsp;_double_round
<LI><a href="#[39]">&gt;&gt;</a>&nbsp;&nbsp;&nbsp;_double_epilogue
</UL>
<BR>[Called By]<UL><LI><a href="#[3b]">&gt;&gt;</a>&nbsp;&nbsp;&nbsp;__aeabi_dsub
<LI><a href="#[5f]">&gt;&gt;</a>&nbsp;&nbsp;&nbsp;_fp_digits
<LI><a href="#[3c]">&gt;&gt;</a>&nbsp;&nbsp;&nbsp;__aeabi_drsub
</UL>

<P><STRONG><a name="[3b]"></a>__aeabi_dsub</STRONG> (Thumb, 12 bytes, Stack size 8 bytes, dadd.o(.text))
<BR><BR>[Stack]<UL><LI>Max Depth = 112<LI>Call Chain = __aeabi_dsub &rArr; __aeabi_dadd &rArr; _double_epilogue &rArr; __aeabi_llsr
</UL>
<BR>[Calls]<UL><LI><a href="#[36]">&gt;&gt;</a>&nbsp;&nbsp;&nbsp;__aeabi_dadd
</UL>
<BR>[Called By]<UL><LI><a href="#[4a]">&gt;&gt;</a>&nbsp;&nbsp;&nbsp;sys_GetDustSensorValue
</UL>

<P><STRONG><a name="[3c]"></a>__aeabi_drsub</STRONG> (Thumb, 12 bytes, Stack size 8 bytes, dadd.o(.text), UNUSED)
<BR><BR>[Calls]<UL><LI><a href="#[36]">&gt;&gt;</a>&nbsp;&nbsp;&nbsp;__aeabi_dadd
</UL>

<P><STRONG><a name="[3d]"></a>__aeabi_dmul</STRONG> (Thumb, 202 bytes, Stack size 72 bytes, dmul.o(.text))
<BR><BR>[Stack]<UL><LI>Max Depth = 128<LI>Call Chain = __aeabi_dmul &rArr; _double_epilogue &rArr; __aeabi_llsr
</UL>
<BR>[Calls]<UL><LI><a href="#[39]">&gt;&gt;</a>&nbsp;&nbsp;&nbsp;_double_epilogue
</UL>
<BR>[Called By]<UL><LI><a href="#[4a]">&gt;&gt;</a>&nbsp;&nbsp;&nbsp;sys_GetDustSensorValue
<LI><a href="#[a0]">&gt;&gt;</a>&nbsp;&nbsp;&nbsp;sys_GetBatteryInfo
<LI><a href="#[5f]">&gt;&gt;</a>&nbsp;&nbsp;&nbsp;_fp_digits
</UL>

<P><STRONG><a name="[3e]"></a>__aeabi_ui2f</STRONG> (Thumb, 14 bytes, Stack size 8 bytes, ffltui.o(.text))
<BR><BR>[Stack]<UL><LI>Max Depth = 20<LI>Call Chain = __aeabi_ui2f &rArr; _float_epilogue
</UL>
<BR>[Calls]<UL><LI><a href="#[3f]">&gt;&gt;</a>&nbsp;&nbsp;&nbsp;_float_epilogue
</UL>
<BR>[Called By]<UL><LI><a href="#[b7]">&gt;&gt;</a>&nbsp;&nbsp;&nbsp;sys_Get_Dust_sensor
<LI><a href="#[49]">&gt;&gt;</a>&nbsp;&nbsp;&nbsp;Dust_Sensor_Process
</UL>

<P><STRONG><a name="[40]"></a>__aeabi_ui2d</STRONG> (Thumb, 24 bytes, Stack size 16 bytes, dfltui.o(.text))
<BR><BR>[Stack]<UL><LI>Max Depth = 72<LI>Call Chain = __aeabi_ui2d &rArr; _double_epilogue &rArr; __aeabi_llsr
</UL>
<BR>[Calls]<UL><LI><a href="#[39]">&gt;&gt;</a>&nbsp;&nbsp;&nbsp;_double_epilogue
</UL>
<BR>[Called By]<UL><LI><a href="#[4a]">&gt;&gt;</a>&nbsp;&nbsp;&nbsp;sys_GetDustSensorValue
<LI><a href="#[a0]">&gt;&gt;</a>&nbsp;&nbsp;&nbsp;sys_GetBatteryInfo
</UL>

<P><STRONG><a name="[b8]"></a>__aeabi_f2uiz</STRONG> (Thumb, 40 bytes, Stack size 0 bytes, ffixui.o(.text))
<BR><BR>[Called By]<UL><LI><a href="#[b7]">&gt;&gt;</a>&nbsp;&nbsp;&nbsp;sys_Get_Dust_sensor
</UL>

<P><STRONG><a name="[4c]"></a>__aeabi_f2d</STRONG> (Thumb, 40 bytes, Stack size 0 bytes, f2d.o(.text))
<BR><BR>[Called By]<UL><LI><a href="#[4a]">&gt;&gt;</a>&nbsp;&nbsp;&nbsp;sys_GetDustSensorValue
<LI><a href="#[b7]">&gt;&gt;</a>&nbsp;&nbsp;&nbsp;sys_Get_Dust_sensor
<LI><a href="#[a0]">&gt;&gt;</a>&nbsp;&nbsp;&nbsp;sys_GetBatteryInfo
<LI><a href="#[49]">&gt;&gt;</a>&nbsp;&nbsp;&nbsp;Dust_Sensor_Process
</UL>

<P><STRONG><a name="[41]"></a>__aeabi_d2f</STRONG> (Thumb, 56 bytes, Stack size 8 bytes, d2f.o(.text))
<BR><BR>[Stack]<UL><LI>Max Depth = 8<LI>Call Chain = __aeabi_d2f
</UL>
<BR>[Calls]<UL><LI><a href="#[42]">&gt;&gt;</a>&nbsp;&nbsp;&nbsp;_float_round
</UL>
<BR>[Called By]<UL><LI><a href="#[4a]">&gt;&gt;</a>&nbsp;&nbsp;&nbsp;sys_GetDustSensorValue
<LI><a href="#[a0]">&gt;&gt;</a>&nbsp;&nbsp;&nbsp;sys_GetBatteryInfo
</UL>

<P><STRONG><a name="[df]"></a>__aeabi_cfcmpeq</STRONG> (Thumb, 0 bytes, Stack size 0 bytes, cfcmple.o(.text), UNUSED)

<P><STRONG><a name="[4e]"></a>__aeabi_cfcmple</STRONG> (Thumb, 20 bytes, Stack size 0 bytes, cfcmple.o(.text))
<BR><BR>[Called By]<UL><LI><a href="#[49]">&gt;&gt;</a>&nbsp;&nbsp;&nbsp;Dust_Sensor_Process
</UL>

<P><STRONG><a name="[51]"></a>__aeabi_cfrcmple</STRONG> (Thumb, 20 bytes, Stack size 0 bytes, cfrcmple.o(.text))
<BR><BR>[Called By]<UL><LI><a href="#[49]">&gt;&gt;</a>&nbsp;&nbsp;&nbsp;Dust_Sensor_Process
</UL>

<P><STRONG><a name="[43]"></a>__aeabi_uldivmod</STRONG> (Thumb, 96 bytes, Stack size 48 bytes, uldiv.o(.text), UNUSED)
<BR><BR>[Calls]<UL><LI><a href="#[44]">&gt;&gt;</a>&nbsp;&nbsp;&nbsp;__aeabi_llsr
<LI><a href="#[37]">&gt;&gt;</a>&nbsp;&nbsp;&nbsp;__aeabi_llsl
</UL>
<BR>[Called By]<UL><LI><a href="#[5e]">&gt;&gt;</a>&nbsp;&nbsp;&nbsp;_printf_core
<LI><a href="#[5f]">&gt;&gt;</a>&nbsp;&nbsp;&nbsp;_fp_digits
</UL>

<P><STRONG><a name="[37]"></a>__aeabi_llsl</STRONG> (Thumb, 32 bytes, Stack size 8 bytes, llshl.o(.text))
<BR><BR>[Stack]<UL><LI>Max Depth = 8<LI>Call Chain = __aeabi_llsl
</UL>
<BR>[Called By]<UL><LI><a href="#[43]">&gt;&gt;</a>&nbsp;&nbsp;&nbsp;__aeabi_uldivmod
<LI><a href="#[39]">&gt;&gt;</a>&nbsp;&nbsp;&nbsp;_double_epilogue
<LI><a href="#[36]">&gt;&gt;</a>&nbsp;&nbsp;&nbsp;__aeabi_dadd
<LI><a href="#[47]">&gt;&gt;</a>&nbsp;&nbsp;&nbsp;__aeabi_d2ulz
</UL>

<P><STRONG><a name="[e0]"></a>_ll_shift_l</STRONG> (Thumb, 0 bytes, Stack size 8 bytes, llshl.o(.text), UNUSED)

<P><STRONG><a name="[38]"></a>__aeabi_lasr</STRONG> (Thumb, 38 bytes, Stack size 8 bytes, llsshr.o(.text))
<BR><BR>[Stack]<UL><LI>Max Depth = 8<LI>Call Chain = __aeabi_lasr
</UL>
<BR>[Called By]<UL><LI><a href="#[36]">&gt;&gt;</a>&nbsp;&nbsp;&nbsp;__aeabi_dadd
</UL>

<P><STRONG><a name="[e1]"></a>_ll_sshift_r</STRONG> (Thumb, 0 bytes, Stack size 8 bytes, llsshr.o(.text), UNUSED)

<P><STRONG><a name="[e2]"></a>__I$use$fp</STRONG> (Thumb, 0 bytes, Stack size 0 bytes, iusefp.o(.text), UNUSED)

<P><STRONG><a name="[42]"></a>_float_round</STRONG> (Thumb, 16 bytes, Stack size 0 bytes, fepilogue.o(.text))
<BR><BR>[Called By]<UL><LI><a href="#[41]">&gt;&gt;</a>&nbsp;&nbsp;&nbsp;__aeabi_d2f
</UL>

<P><STRONG><a name="[3f]"></a>_float_epilogue</STRONG> (Thumb, 114 bytes, Stack size 12 bytes, fepilogue.o(.text))
<BR><BR>[Stack]<UL><LI>Max Depth = 12<LI>Call Chain = _float_epilogue
</UL>
<BR>[Called By]<UL><LI><a href="#[3e]">&gt;&gt;</a>&nbsp;&nbsp;&nbsp;__aeabi_ui2f
</UL>

<P><STRONG><a name="[3a]"></a>_double_round</STRONG> (Thumb, 26 bytes, Stack size 8 bytes, depilogue.o(.text))
<BR><BR>[Stack]<UL><LI>Max Depth = 8<LI>Call Chain = _double_round
</UL>
<BR>[Called By]<UL><LI><a href="#[39]">&gt;&gt;</a>&nbsp;&nbsp;&nbsp;_double_epilogue
<LI><a href="#[46]">&gt;&gt;</a>&nbsp;&nbsp;&nbsp;__aeabi_ddiv
<LI><a href="#[36]">&gt;&gt;</a>&nbsp;&nbsp;&nbsp;__aeabi_dadd
</UL>

<P><STRONG><a name="[39]"></a>_double_epilogue</STRONG> (Thumb, 164 bytes, Stack size 48 bytes, depilogue.o(.text))
<BR><BR>[Stack]<UL><LI>Max Depth = 56<LI>Call Chain = _double_epilogue &rArr; __aeabi_llsr
</UL>
<BR>[Calls]<UL><LI><a href="#[44]">&gt;&gt;</a>&nbsp;&nbsp;&nbsp;__aeabi_llsr
<LI><a href="#[45]">&gt;&gt;</a>&nbsp;&nbsp;&nbsp;__ARM_clz
<LI><a href="#[37]">&gt;&gt;</a>&nbsp;&nbsp;&nbsp;__aeabi_llsl
<LI><a href="#[3a]">&gt;&gt;</a>&nbsp;&nbsp;&nbsp;_double_round
</UL>
<BR>[Called By]<UL><LI><a href="#[40]">&gt;&gt;</a>&nbsp;&nbsp;&nbsp;__aeabi_ui2d
<LI><a href="#[3d]">&gt;&gt;</a>&nbsp;&nbsp;&nbsp;__aeabi_dmul
<LI><a href="#[36]">&gt;&gt;</a>&nbsp;&nbsp;&nbsp;__aeabi_dadd
</UL>

<P><STRONG><a name="[46]"></a>__aeabi_ddiv</STRONG> (Thumb, 234 bytes, Stack size 40 bytes, ddiv.o(.text), UNUSED)
<BR><BR>[Calls]<UL><LI><a href="#[3a]">&gt;&gt;</a>&nbsp;&nbsp;&nbsp;_double_round
</UL>
<BR>[Called By]<UL><LI><a href="#[5f]">&gt;&gt;</a>&nbsp;&nbsp;&nbsp;_fp_digits
</UL>

<P><STRONG><a name="[47]"></a>__aeabi_d2ulz</STRONG> (Thumb, 54 bytes, Stack size 8 bytes, dfixul.o(.text), UNUSED)
<BR><BR>[Calls]<UL><LI><a href="#[44]">&gt;&gt;</a>&nbsp;&nbsp;&nbsp;__aeabi_llsr
<LI><a href="#[37]">&gt;&gt;</a>&nbsp;&nbsp;&nbsp;__aeabi_llsl
</UL>
<BR>[Called By]<UL><LI><a href="#[5f]">&gt;&gt;</a>&nbsp;&nbsp;&nbsp;_fp_digits
</UL>

<P><STRONG><a name="[60]"></a>__aeabi_cdrcmple</STRONG> (Thumb, 38 bytes, Stack size 0 bytes, cdrcmple.o(.text), UNUSED)
<BR><BR>[Called By]<UL><LI><a href="#[5f]">&gt;&gt;</a>&nbsp;&nbsp;&nbsp;_fp_digits
</UL>

<P><STRONG><a name="[2e]"></a>__scatterload</STRONG> (Thumb, 28 bytes, Stack size 0 bytes, init.o(.text))
<BR><BR>[Calls]<UL><LI><a href="#[48]">&gt;&gt;</a>&nbsp;&nbsp;&nbsp;__main_after_scatterload
</UL>
<BR>[Called By]<UL><LI><a href="#[2d]">&gt;&gt;</a>&nbsp;&nbsp;&nbsp;_main_scatterload
</UL>

<P><STRONG><a name="[e3]"></a>__scatterload_rt2</STRONG> (Thumb, 0 bytes, Stack size 0 bytes, init.o(.text), UNUSED)

<P><STRONG><a name="[44]"></a>__aeabi_llsr</STRONG> (Thumb, 34 bytes, Stack size 8 bytes, llushr.o(.text))
<BR><BR>[Stack]<UL><LI>Max Depth = 8<LI>Call Chain = __aeabi_llsr
</UL>
<BR>[Called By]<UL><LI><a href="#[43]">&gt;&gt;</a>&nbsp;&nbsp;&nbsp;__aeabi_uldivmod
<LI><a href="#[39]">&gt;&gt;</a>&nbsp;&nbsp;&nbsp;_double_epilogue
<LI><a href="#[47]">&gt;&gt;</a>&nbsp;&nbsp;&nbsp;__aeabi_d2ulz
</UL>

<P><STRONG><a name="[e4]"></a>_ll_ushift_r</STRONG> (Thumb, 0 bytes, Stack size 8 bytes, llushr.o(.text), UNUSED)

<P><STRONG><a name="[49]"></a>Dust_Sensor_Process</STRONG> (Thumb, 222 bytes, Stack size 16 bytes, sys_dust_sensor.o(i.Dust_Sensor_Process))
<BR><BR>[Stack]<UL><LI>Max Depth = 216<LI>Call Chain = Dust_Sensor_Process &rArr; sys_GetDustSensorValue &rArr; sys_printf &rArr; vsprintf
</UL>
<BR>[Calls]<UL><LI><a href="#[4d]">&gt;&gt;</a>&nbsp;&nbsp;&nbsp;sys_printf
<LI><a href="#[51]">&gt;&gt;</a>&nbsp;&nbsp;&nbsp;__aeabi_cfrcmple
<LI><a href="#[4e]">&gt;&gt;</a>&nbsp;&nbsp;&nbsp;__aeabi_cfcmple
<LI><a href="#[50]">&gt;&gt;</a>&nbsp;&nbsp;&nbsp;nrf_gpio_pin_set
<LI><a href="#[4f]">&gt;&gt;</a>&nbsp;&nbsp;&nbsp;nrf_gpio_pin_clear
<LI><a href="#[4a]">&gt;&gt;</a>&nbsp;&nbsp;&nbsp;sys_GetDustSensorValue
<LI><a href="#[3e]">&gt;&gt;</a>&nbsp;&nbsp;&nbsp;__aeabi_ui2f
<LI><a href="#[4c]">&gt;&gt;</a>&nbsp;&nbsp;&nbsp;__aeabi_f2d
<LI><a href="#[4b]">&gt;&gt;</a>&nbsp;&nbsp;&nbsp;__ARM_scalbnf
</UL>
<BR>[Called By]<UL><LI><a href="#[29]">&gt;&gt;</a>&nbsp;&nbsp;&nbsp;sys_Main_Timer_Handler
</UL>

<P><STRONG><a name="[b]"></a>GPIOTE_IRQHandler</STRONG> (Thumb, 22 bytes, Stack size 0 bytes, sys_interrupt.o(i.GPIOTE_IRQHandler))
<BR>[Address Reference Count : 1]<UL><LI> arm_startup_nrf51.o(RESET)
</UL>
<P><STRONG><a name="[97]"></a>GetCheckSum_Sum_Carry</STRONG> (Thumb, 28 bytes, Stack size 8 bytes, sys_ble_process.o(i.GetCheckSum_Sum_Carry))
<BR><BR>[Stack]<UL><LI>Max Depth = 8<LI>Call Chain = GetCheckSum_Sum_Carry
</UL>
<BR>[Called By]<UL><LI><a href="#[ca]">&gt;&gt;</a>&nbsp;&nbsp;&nbsp;sys_Time_Set
<LI><a href="#[c9]">&gt;&gt;</a>&nbsp;&nbsp;&nbsp;sys_Time_Get
<LI><a href="#[c8]">&gt;&gt;</a>&nbsp;&nbsp;&nbsp;sys_Temp_Humi_Press
<LI><a href="#[bc]">&gt;&gt;</a>&nbsp;&nbsp;&nbsp;sys_ION_ON_OFF
<LI><a href="#[bb]">&gt;&gt;</a>&nbsp;&nbsp;&nbsp;sys_Heart_Rate_Sensor
<LI><a href="#[b7]">&gt;&gt;</a>&nbsp;&nbsp;&nbsp;sys_Get_Dust_sensor
<LI><a href="#[b5]">&gt;&gt;</a>&nbsp;&nbsp;&nbsp;sys_Get_Co2_Sensor
<LI><a href="#[b4]">&gt;&gt;</a>&nbsp;&nbsp;&nbsp;sys_Get_Body_Temp_Calcu
<LI><a href="#[b0]">&gt;&gt;</a>&nbsp;&nbsp;&nbsp;sys_Gas_Sensor
<LI><a href="#[af]">&gt;&gt;</a>&nbsp;&nbsp;&nbsp;sys_Froce_Sensor_check
<LI><a href="#[ae]">&gt;&gt;</a>&nbsp;&nbsp;&nbsp;sys_Force_Sensor_Range_Set
<LI><a href="#[ad]">&gt;&gt;</a>&nbsp;&nbsp;&nbsp;sys_Dust_Value_set
<LI><a href="#[ac]">&gt;&gt;</a>&nbsp;&nbsp;&nbsp;sys_Bt_Nack_Cmd
<LI><a href="#[ab]">&gt;&gt;</a>&nbsp;&nbsp;&nbsp;sys_Body_Temp_Set
<LI><a href="#[aa]">&gt;&gt;</a>&nbsp;&nbsp;&nbsp;sys_Body_Temp_Sensor
<LI><a href="#[a9]">&gt;&gt;</a>&nbsp;&nbsp;&nbsp;sys_Body_Temp_Range_Set
<LI><a href="#[a8]">&gt;&gt;</a>&nbsp;&nbsp;&nbsp;sys_Ble_Version
<LI><a href="#[a4]">&gt;&gt;</a>&nbsp;&nbsp;&nbsp;sys_Ble_Model
<LI><a href="#[9f]">&gt;&gt;</a>&nbsp;&nbsp;&nbsp;sys_Batt_Info
<LI><a href="#[96]">&gt;&gt;</a>&nbsp;&nbsp;&nbsp;sys_All_Sensor_Control
<LI><a href="#[a5]">&gt;&gt;</a>&nbsp;&nbsp;&nbsp;sys_ble_process
</UL>

<P><STRONG><a name="[16]"></a>RTC1_IRQHandler</STRONG> (Thumb, 28 bytes, Stack size 8 bytes, app_timer.o(i.RTC1_IRQHandler))
<BR><BR>[Stack]<UL><LI>Max Depth = 32<LI>Call Chain = RTC1_IRQHandler &rArr; timer_timeouts_check
</UL>
<BR>[Calls]<UL><LI><a href="#[52]">&gt;&gt;</a>&nbsp;&nbsp;&nbsp;timer_timeouts_check
</UL>
<BR>[Address Reference Count : 1]<UL><LI> arm_startup_nrf51.o(RESET)
</UL>
<P><STRONG><a name="[19]"></a>SWI0_IRQHandler</STRONG> (Thumb, 78 bytes, Stack size 32 bytes, app_timer.o(i.SWI0_IRQHandler))
<BR><BR>[Stack]<UL><LI>Max Depth = 76<LI>Call Chain = SWI0_IRQHandler &rArr; list_insertions_handler &rArr; timer_list_insert
</UL>
<BR>[Calls]<UL><LI><a href="#[56]">&gt;&gt;</a>&nbsp;&nbsp;&nbsp;list_insertions_handler
<LI><a href="#[54]">&gt;&gt;</a>&nbsp;&nbsp;&nbsp;list_deletions_handler
<LI><a href="#[55]">&gt;&gt;</a>&nbsp;&nbsp;&nbsp;expired_timers_handler
<LI><a href="#[53]">&gt;&gt;</a>&nbsp;&nbsp;&nbsp;elapsed_ticks_acquire
<LI><a href="#[57]">&gt;&gt;</a>&nbsp;&nbsp;&nbsp;compare_reg_update
</UL>
<BR>[Address Reference Count : 1]<UL><LI> arm_startup_nrf51.o(RESET)
</UL>
<P><STRONG><a name="[1b]"></a>SWI2_IRQHandler</STRONG> (Thumb, 32 bytes, Stack size 8 bytes, softdevice_handler.o(i.SWI2_IRQHandler))
<BR><BR>[Stack]<UL><LI>Max Depth = 32<LI>Call Chain = SWI2_IRQHandler &rArr; intern_softdevice_events_execute
</UL>
<BR>[Calls]<UL><LI><a href="#[58]">&gt;&gt;</a>&nbsp;&nbsp;&nbsp;app_error_handler
<LI><a href="#[59]">&gt;&gt;</a>&nbsp;&nbsp;&nbsp;intern_softdevice_events_execute
</UL>
<BR>[Address Reference Count : 1]<UL><LI> arm_startup_nrf51.o(RESET)
</UL>
<P><STRONG><a name="[20]"></a>SystemInit</STRONG> (Thumb, 64 bytes, Stack size 8 bytes, system_nrf51.o(i.SystemInit))
<BR><BR>[Stack]<UL><LI>Max Depth = 8<LI>Call Chain = SystemInit
</UL>
<BR>[Calls]<UL><LI><a href="#[5a]">&gt;&gt;</a>&nbsp;&nbsp;&nbsp;is_manual_peripheral_setup_needed
</UL>
<BR>[Address Reference Count : 1]<UL><LI> arm_startup_nrf51.o(.text)
</UL>
<P><STRONG><a name="[f]"></a>TIMER2_IRQHandler</STRONG> (Thumb, 32 bytes, Stack size 0 bytes, sys_interrupt.o(i.TIMER2_IRQHandler))
<BR>[Address Reference Count : 1]<UL><LI> arm_startup_nrf51.o(RESET)
</UL>
<P><STRONG><a name="[8]"></a>UART0_IRQHandler</STRONG> (Thumb, 66 bytes, Stack size 8 bytes, main.o(i.UART0_IRQHandler))
<BR><BR>[Stack]<UL><LI>Max Depth = 40<LI>Call Chain = UART0_IRQHandler &rArr; ble_nus_send_string
</UL>
<BR>[Calls]<UL><LI><a href="#[5b]">&gt;&gt;</a>&nbsp;&nbsp;&nbsp;simple_uart_get
<LI><a href="#[58]">&gt;&gt;</a>&nbsp;&nbsp;&nbsp;app_error_handler
<LI><a href="#[5c]">&gt;&gt;</a>&nbsp;&nbsp;&nbsp;ble_nus_send_string
</UL>
<BR>[Address Reference Count : 1]<UL><LI> arm_startup_nrf51.o(RESET)
</UL>
<P><STRONG><a name="[5d]"></a>__0vsprintf</STRONG> (Thumb, 30 bytes, Stack size 24 bytes, printfa.o(i.__0vsprintf), UNUSED)
<BR><BR>[Calls]<UL><LI><a href="#[22]">&gt;&gt;</a>&nbsp;&nbsp;&nbsp;_sputc
<LI><a href="#[5e]">&gt;&gt;</a>&nbsp;&nbsp;&nbsp;_printf_core
</UL>

<P><STRONG><a name="[e5]"></a>__1vsprintf</STRONG> (Thumb, 0 bytes, Stack size 24 bytes, printfa.o(i.__0vsprintf), UNUSED)

<P><STRONG><a name="[e6]"></a>__2vsprintf</STRONG> (Thumb, 0 bytes, Stack size 24 bytes, printfa.o(i.__0vsprintf), UNUSED)

<P><STRONG><a name="[e7]"></a>__c89vsprintf</STRONG> (Thumb, 0 bytes, Stack size 24 bytes, printfa.o(i.__0vsprintf), UNUSED)

<P><STRONG><a name="[ce]"></a>vsprintf</STRONG> (Thumb, 0 bytes, Stack size 24 bytes, printfa.o(i.__0vsprintf))
<BR><BR>[Stack]<UL><LI>Max Depth = 24<LI>Call Chain = vsprintf
</UL>
<BR>[Called By]<UL><LI><a href="#[4d]">&gt;&gt;</a>&nbsp;&nbsp;&nbsp;sys_printf
</UL>

<P><STRONG><a name="[45]"></a>__ARM_clz</STRONG> (Thumb, 46 bytes, Stack size 0 bytes, depilogue.o(i.__ARM_clz))
<BR><BR>[Called By]<UL><LI><a href="#[39]">&gt;&gt;</a>&nbsp;&nbsp;&nbsp;_double_epilogue
</UL>

<P><STRONG><a name="[89]"></a>__ARM_common_switch8</STRONG> (Thumb, 26 bytes, Stack size 8 bytes, sys_ble_process.o(i.__ARM_common_switch8))
<BR><BR>[Stack]<UL><LI>Max Depth = 8<LI>Call Chain = __ARM_common_switch8
</UL>
<BR>[Called By]<UL><LI><a href="#[88]">&gt;&gt;</a>&nbsp;&nbsp;&nbsp;bsp_led_indication
<LI><a href="#[a5]">&gt;&gt;</a>&nbsp;&nbsp;&nbsp;sys_ble_process
<LI><a href="#[a1]">&gt;&gt;</a>&nbsp;&nbsp;&nbsp;sys_Battey_manager
</UL>

<P><STRONG><a name="[e8]"></a>__scatterload_copy</STRONG> (Thumb, 14 bytes, Stack size unknown bytes, handlers.o(i.__scatterload_copy), UNUSED)

<P><STRONG><a name="[e9]"></a>__scatterload_null</STRONG> (Thumb, 2 bytes, Stack size unknown bytes, handlers.o(i.__scatterload_null), UNUSED)

<P><STRONG><a name="[ea]"></a>__scatterload_zeroinit</STRONG> (Thumb, 14 bytes, Stack size unknown bytes, handlers.o(i.__scatterload_zeroinit), UNUSED)

<P><STRONG><a name="[6c]"></a>advertising_start</STRONG> (Thumb, 66 bytes, Stack size 24 bytes, main.o(i.advertising_start))
<BR><BR>[Stack]<UL><LI>Max Depth = 96<LI>Call Chain = advertising_start &rArr; bsp_indication_set &rArr; bsp_led_indication &rArr; app_timer_start
</UL>
<BR>[Calls]<UL><LI><a href="#[6e]">&gt;&gt;</a>&nbsp;&nbsp;&nbsp;bsp_indication_set
<LI><a href="#[58]">&gt;&gt;</a>&nbsp;&nbsp;&nbsp;app_error_handler
<LI><a href="#[6d]">&gt;&gt;</a>&nbsp;&nbsp;&nbsp;__aeabi_memclr4
</UL>
<BR>[Called By]<UL><LI><a href="#[1f]">&gt;&gt;</a>&nbsp;&nbsp;&nbsp;main
<LI><a href="#[7f]">&gt;&gt;</a>&nbsp;&nbsp;&nbsp;on_ble_evt
</UL>

<P><STRONG><a name="[58]"></a>app_error_handler</STRONG> (Thumb, 18 bytes, Stack size 0 bytes, app_error.o(i.app_error_handler))
<BR><BR>[Called By]<UL><LI><a href="#[93]">&gt;&gt;</a>&nbsp;&nbsp;&nbsp;sys_Timer_Handler_Start
<LI><a href="#[91]">&gt;&gt;</a>&nbsp;&nbsp;&nbsp;sys_Timer_Handler_Init
<LI><a href="#[1f]">&gt;&gt;</a>&nbsp;&nbsp;&nbsp;main
<LI><a href="#[6c]">&gt;&gt;</a>&nbsp;&nbsp;&nbsp;advertising_start
<LI><a href="#[8]">&gt;&gt;</a>&nbsp;&nbsp;&nbsp;UART0_IRQHandler
<LI><a href="#[26]">&gt;&gt;</a>&nbsp;&nbsp;&nbsp;on_conn_params_evt
<LI><a href="#[7f]">&gt;&gt;</a>&nbsp;&nbsp;&nbsp;on_ble_evt
<LI><a href="#[8b]">&gt;&gt;</a>&nbsp;&nbsp;&nbsp;gap_params_init
<LI><a href="#[27]">&gt;&gt;</a>&nbsp;&nbsp;&nbsp;conn_params_error_handler
<LI><a href="#[a6]">&gt;&gt;</a>&nbsp;&nbsp;&nbsp;sys_Ble_Tx_Handler_Start
<LI><a href="#[59]">&gt;&gt;</a>&nbsp;&nbsp;&nbsp;intern_softdevice_events_execute
<LI><a href="#[1b]">&gt;&gt;</a>&nbsp;&nbsp;&nbsp;SWI2_IRQHandler
<LI><a href="#[52]">&gt;&gt;</a>&nbsp;&nbsp;&nbsp;timer_timeouts_check
</UL>

<P><STRONG><a name="[6f]"></a>app_gpiote_init</STRONG> (Thumb, 78 bytes, Stack size 8 bytes, app_gpiote.o(i.app_gpiote_init))
<BR><BR>[Stack]<UL><LI>Max Depth = 8<LI>Call Chain = app_gpiote_init
</UL>
<BR>[Calls]<UL><LI><a href="#[6d]">&gt;&gt;</a>&nbsp;&nbsp;&nbsp;__aeabi_memclr4
</UL>
<BR>[Called By]<UL><LI><a href="#[1f]">&gt;&gt;</a>&nbsp;&nbsp;&nbsp;main
</UL>

<P><STRONG><a name="[7b]"></a>app_timer_create</STRONG> (Thumb, 72 bytes, Stack size 16 bytes, app_timer.o(i.app_timer_create))
<BR><BR>[Stack]<UL><LI>Max Depth = 16<LI>Call Chain = app_timer_create
</UL>
<BR>[Called By]<UL><LI><a href="#[79]">&gt;&gt;</a>&nbsp;&nbsp;&nbsp;ble_conn_params_init
<LI><a href="#[91]">&gt;&gt;</a>&nbsp;&nbsp;&nbsp;sys_Timer_Handler_Init
</UL>

<P><STRONG><a name="[70]"></a>app_timer_init</STRONG> (Thumb, 164 bytes, Stack size 40 bytes, app_timer.o(i.app_timer_init))
<BR><BR>[Stack]<UL><LI>Max Depth = 56<LI>Call Chain = app_timer_init &rArr; rtc1_stop
</UL>
<BR>[Calls]<UL><LI><a href="#[71]">&gt;&gt;</a>&nbsp;&nbsp;&nbsp;rtc1_stop
<LI><a href="#[72]">&gt;&gt;</a>&nbsp;&nbsp;&nbsp;NVIC_SetPriority
</UL>
<BR>[Called By]<UL><LI><a href="#[1f]">&gt;&gt;</a>&nbsp;&nbsp;&nbsp;main
</UL>

<P><STRONG><a name="[73]"></a>app_timer_start</STRONG> (Thumb, 122 bytes, Stack size 32 bytes, app_timer.o(i.app_timer_start))
<BR><BR>[Stack]<UL><LI>Max Depth = 32<LI>Call Chain = app_timer_start
</UL>
<BR>[Calls]<UL><LI><a href="#[75]">&gt;&gt;</a>&nbsp;&nbsp;&nbsp;user_op_alloc
<LI><a href="#[74]">&gt;&gt;</a>&nbsp;&nbsp;&nbsp;user_id_get
<LI><a href="#[76]">&gt;&gt;</a>&nbsp;&nbsp;&nbsp;timer_list_handler_sched
</UL>
<BR>[Called By]<UL><LI><a href="#[93]">&gt;&gt;</a>&nbsp;&nbsp;&nbsp;sys_Timer_Handler_Start
<LI><a href="#[88]">&gt;&gt;</a>&nbsp;&nbsp;&nbsp;bsp_led_indication
<LI><a href="#[a6]">&gt;&gt;</a>&nbsp;&nbsp;&nbsp;sys_Ble_Tx_Handler_Start
<LI><a href="#[7d]">&gt;&gt;</a>&nbsp;&nbsp;&nbsp;conn_params_negotiation
</UL>

<P><STRONG><a name="[77]"></a>app_timer_stop</STRONG> (Thumb, 82 bytes, Stack size 24 bytes, app_timer.o(i.app_timer_stop))
<BR><BR>[Stack]<UL><LI>Max Depth = 24<LI>Call Chain = app_timer_stop
</UL>
<BR>[Calls]<UL><LI><a href="#[75]">&gt;&gt;</a>&nbsp;&nbsp;&nbsp;user_op_alloc
<LI><a href="#[74]">&gt;&gt;</a>&nbsp;&nbsp;&nbsp;user_id_get
<LI><a href="#[76]">&gt;&gt;</a>&nbsp;&nbsp;&nbsp;timer_list_handler_sched
</UL>
<BR>[Called By]<UL><LI><a href="#[7c]">&gt;&gt;</a>&nbsp;&nbsp;&nbsp;ble_conn_params_on_ble_evt
<LI><a href="#[88]">&gt;&gt;</a>&nbsp;&nbsp;&nbsp;bsp_led_indication
<LI><a href="#[a7]">&gt;&gt;</a>&nbsp;&nbsp;&nbsp;sys_Ble_Tx_Handler_Stop
</UL>

<P><STRONG><a name="[78]"></a>ble_advdata_set</STRONG> (Thumb, 102 bytes, Stack size 88 bytes, ble_advdata.o(i.ble_advdata_set))
<BR><BR>[Stack]<UL><LI>Max Depth = 200<LI>Call Chain = ble_advdata_set &rArr; adv_data_encode &rArr; uuid_list_encode &rArr; uuid_list_sized_encode
</UL>
<BR>[Calls]<UL><LI><a href="#[64]">&gt;&gt;</a>&nbsp;&nbsp;&nbsp;adv_data_encode
</UL>
<BR>[Called By]<UL><LI><a href="#[1f]">&gt;&gt;</a>&nbsp;&nbsp;&nbsp;main
</UL>

<P><STRONG><a name="[79]"></a>ble_conn_params_init</STRONG> (Thumb, 72 bytes, Stack size 16 bytes, ble_conn_params.o(i.ble_conn_params_init))
<BR><BR>[Stack]<UL><LI>Max Depth = 32<LI>Call Chain = ble_conn_params_init &rArr; app_timer_create
</UL>
<BR>[Calls]<UL><LI><a href="#[7b]">&gt;&gt;</a>&nbsp;&nbsp;&nbsp;app_timer_create
<LI><a href="#[7a]">&gt;&gt;</a>&nbsp;&nbsp;&nbsp;__aeabi_memcpy4
<LI><a href="#[67]">&gt;&gt;</a>&nbsp;&nbsp;&nbsp;__aeabi_memcpy
</UL>
<BR>[Called By]<UL><LI><a href="#[1f]">&gt;&gt;</a>&nbsp;&nbsp;&nbsp;main
</UL>

<P><STRONG><a name="[7c]"></a>ble_conn_params_on_ble_evt</STRONG> (Thumb, 168 bytes, Stack size 24 bytes, ble_conn_params.o(i.ble_conn_params_on_ble_evt))
<BR><BR>[Stack]<UL><LI>Max Depth = 80<LI>Call Chain = ble_conn_params_on_ble_evt &rArr; conn_params_negotiation &rArr; app_timer_start
</UL>
<BR>[Calls]<UL><LI><a href="#[77]">&gt;&gt;</a>&nbsp;&nbsp;&nbsp;app_timer_stop
<LI><a href="#[67]">&gt;&gt;</a>&nbsp;&nbsp;&nbsp;__aeabi_memcpy
<LI><a href="#[7d]">&gt;&gt;</a>&nbsp;&nbsp;&nbsp;conn_params_negotiation
</UL>
<BR>[Called By]<UL><LI><a href="#[24]">&gt;&gt;</a>&nbsp;&nbsp;&nbsp;ble_evt_dispatch
</UL>

<P><STRONG><a name="[80]"></a>ble_nus_init</STRONG> (Thumb, 98 bytes, Stack size 32 bytes, ble_nus.o(i.ble_nus_init))
<BR><BR>[Stack]<UL><LI>Max Depth = 112<LI>Call Chain = ble_nus_init &rArr; rx_char_add
</UL>
<BR>[Calls]<UL><LI><a href="#[82]">&gt;&gt;</a>&nbsp;&nbsp;&nbsp;tx_char_add
<LI><a href="#[81]">&gt;&gt;</a>&nbsp;&nbsp;&nbsp;rx_char_add
</UL>
<BR>[Called By]<UL><LI><a href="#[1f]">&gt;&gt;</a>&nbsp;&nbsp;&nbsp;main
</UL>

<P><STRONG><a name="[7e]"></a>ble_nus_on_ble_evt</STRONG> (Thumb, 88 bytes, Stack size 0 bytes, ble_nus.o(i.ble_nus_on_ble_evt))
<BR><BR>[Called By]<UL><LI><a href="#[24]">&gt;&gt;</a>&nbsp;&nbsp;&nbsp;ble_evt_dispatch
</UL>

<P><STRONG><a name="[5c]"></a>ble_nus_send_string</STRONG> (Thumb, 78 bytes, Stack size 32 bytes, ble_nus.o(i.ble_nus_send_string))
<BR><BR>[Stack]<UL><LI>Max Depth = 32<LI>Call Chain = ble_nus_send_string
</UL>
<BR>[Called By]<UL><LI><a href="#[8]">&gt;&gt;</a>&nbsp;&nbsp;&nbsp;UART0_IRQHandler
<LI><a href="#[ca]">&gt;&gt;</a>&nbsp;&nbsp;&nbsp;sys_Time_Set
<LI><a href="#[c9]">&gt;&gt;</a>&nbsp;&nbsp;&nbsp;sys_Time_Get
<LI><a href="#[c8]">&gt;&gt;</a>&nbsp;&nbsp;&nbsp;sys_Temp_Humi_Press
<LI><a href="#[bc]">&gt;&gt;</a>&nbsp;&nbsp;&nbsp;sys_ION_ON_OFF
<LI><a href="#[bb]">&gt;&gt;</a>&nbsp;&nbsp;&nbsp;sys_Heart_Rate_Sensor
<LI><a href="#[b7]">&gt;&gt;</a>&nbsp;&nbsp;&nbsp;sys_Get_Dust_sensor
<LI><a href="#[b5]">&gt;&gt;</a>&nbsp;&nbsp;&nbsp;sys_Get_Co2_Sensor
<LI><a href="#[b4]">&gt;&gt;</a>&nbsp;&nbsp;&nbsp;sys_Get_Body_Temp_Calcu
<LI><a href="#[b0]">&gt;&gt;</a>&nbsp;&nbsp;&nbsp;sys_Gas_Sensor
<LI><a href="#[af]">&gt;&gt;</a>&nbsp;&nbsp;&nbsp;sys_Froce_Sensor_check
<LI><a href="#[ae]">&gt;&gt;</a>&nbsp;&nbsp;&nbsp;sys_Force_Sensor_Range_Set
<LI><a href="#[ad]">&gt;&gt;</a>&nbsp;&nbsp;&nbsp;sys_Dust_Value_set
<LI><a href="#[ac]">&gt;&gt;</a>&nbsp;&nbsp;&nbsp;sys_Bt_Nack_Cmd
<LI><a href="#[ab]">&gt;&gt;</a>&nbsp;&nbsp;&nbsp;sys_Body_Temp_Set
<LI><a href="#[aa]">&gt;&gt;</a>&nbsp;&nbsp;&nbsp;sys_Body_Temp_Sensor
<LI><a href="#[a9]">&gt;&gt;</a>&nbsp;&nbsp;&nbsp;sys_Body_Temp_Range_Set
<LI><a href="#[a8]">&gt;&gt;</a>&nbsp;&nbsp;&nbsp;sys_Ble_Version
<LI><a href="#[a4]">&gt;&gt;</a>&nbsp;&nbsp;&nbsp;sys_Ble_Model
<LI><a href="#[9f]">&gt;&gt;</a>&nbsp;&nbsp;&nbsp;sys_Batt_Info
<LI><a href="#[96]">&gt;&gt;</a>&nbsp;&nbsp;&nbsp;sys_All_Sensor_Control
</UL>

<P><STRONG><a name="[83]"></a>bme280_compensate_humidity_int32</STRONG> (Thumb, 118 bytes, Stack size 8 bytes, sys_temphumipress.o(i.bme280_compensate_humidity_int32))
<BR><BR>[Stack]<UL><LI>Max Depth = 184<LI>Call Chain = bme280_compensate_humidity_int32 &rArr; sys_printf &rArr; vsprintf
</UL>
<BR>[Calls]<UL><LI><a href="#[4d]">&gt;&gt;</a>&nbsp;&nbsp;&nbsp;sys_printf
</UL>
<BR>[Called By]<UL><LI><a href="#[b1]">&gt;&gt;</a>&nbsp;&nbsp;&nbsp;sys_GetBME280_Force_Temp_Press_Hudi
</UL>

<P><STRONG><a name="[84]"></a>bme280_compensate_pressure_int32</STRONG> (Thumb, 170 bytes, Stack size 16 bytes, sys_temphumipress.o(i.bme280_compensate_pressure_int32))
<BR><BR>[Stack]<UL><LI>Max Depth = 192<LI>Call Chain = bme280_compensate_pressure_int32 &rArr; sys_printf &rArr; vsprintf
</UL>
<BR>[Calls]<UL><LI><a href="#[4d]">&gt;&gt;</a>&nbsp;&nbsp;&nbsp;sys_printf
<LI><a href="#[63]">&gt;&gt;</a>&nbsp;&nbsp;&nbsp;__aeabi_uidivmod
</UL>
<BR>[Called By]<UL><LI><a href="#[b1]">&gt;&gt;</a>&nbsp;&nbsp;&nbsp;sys_GetBME280_Force_Temp_Press_Hudi
</UL>

<P><STRONG><a name="[85]"></a>bme280_compensate_temperature_int32</STRONG> (Thumb, 60 bytes, Stack size 8 bytes, sys_temphumipress.o(i.bme280_compensate_temperature_int32))
<BR><BR>[Stack]<UL><LI>Max Depth = 184<LI>Call Chain = bme280_compensate_temperature_int32 &rArr; sys_printf &rArr; vsprintf
</UL>
<BR>[Calls]<UL><LI><a href="#[4d]">&gt;&gt;</a>&nbsp;&nbsp;&nbsp;sys_printf
</UL>
<BR>[Called By]<UL><LI><a href="#[b1]">&gt;&gt;</a>&nbsp;&nbsp;&nbsp;sys_GetBME280_Force_Temp_Press_Hudi
</UL>

<P><STRONG><a name="[86]"></a>bme280_get_calib_param</STRONG> (Thumb, 408 bytes, Stack size 72 bytes, sys_temphumipress.o(i.bme280_get_calib_param))
<BR><BR>[Stack]<UL><LI>Max Depth = 248<LI>Call Chain = bme280_get_calib_param &rArr; sys_printf &rArr; vsprintf
</UL>
<BR>[Calls]<UL><LI><a href="#[87]">&gt;&gt;</a>&nbsp;&nbsp;&nbsp;twi_master_transfer
<LI><a href="#[4d]">&gt;&gt;</a>&nbsp;&nbsp;&nbsp;sys_printf
<LI><a href="#[6d]">&gt;&gt;</a>&nbsp;&nbsp;&nbsp;__aeabi_memclr4
</UL>
<BR>[Called By]<UL><LI><a href="#[9c]">&gt;&gt;</a>&nbsp;&nbsp;&nbsp;sys_BME280_init
</UL>

<P><STRONG><a name="[95]"></a>bsp_buttons_enable</STRONG> (Thumb, 66 bytes, Stack size 20 bytes, bsp.o(i.bsp_buttons_enable))
<BR><BR>[Stack]<UL><LI>Max Depth = 20<LI>Call Chain = bsp_buttons_enable
</UL>
<BR>[Called By]<UL><LI><a href="#[7f]">&gt;&gt;</a>&nbsp;&nbsp;&nbsp;on_ble_evt
</UL>

<P><STRONG><a name="[6e]"></a>bsp_indication_set</STRONG> (Thumb, 22 bytes, Stack size 8 bytes, bsp.o(i.bsp_indication_set))
<BR><BR>[Stack]<UL><LI>Max Depth = 72<LI>Call Chain = bsp_indication_set &rArr; bsp_led_indication &rArr; app_timer_start
</UL>
<BR>[Calls]<UL><LI><a href="#[88]">&gt;&gt;</a>&nbsp;&nbsp;&nbsp;bsp_led_indication
</UL>
<BR>[Called By]<UL><LI><a href="#[6c]">&gt;&gt;</a>&nbsp;&nbsp;&nbsp;advertising_start
<LI><a href="#[7f]">&gt;&gt;</a>&nbsp;&nbsp;&nbsp;on_ble_evt
</UL>

<P><STRONG><a name="[59]"></a>intern_softdevice_events_execute</STRONG> (Thumb, 124 bytes, Stack size 24 bytes, softdevice_handler.o(i.intern_softdevice_events_execute))
<BR><BR>[Stack]<UL><LI>Max Depth = 24<LI>Call Chain = intern_softdevice_events_execute
</UL>
<BR>[Calls]<UL><LI><a href="#[58]">&gt;&gt;</a>&nbsp;&nbsp;&nbsp;app_error_handler
</UL>
<BR>[Called By]<UL><LI><a href="#[1b]">&gt;&gt;</a>&nbsp;&nbsp;&nbsp;SWI2_IRQHandler
</UL>

<P><STRONG><a name="[1f]"></a>main</STRONG> (Thumb, 332 bytes, Stack size 120 bytes, main.o(i.main))
<BR><BR>[Stack]<UL><LI>Max Depth = 320<LI>Call Chain = main &rArr; ble_advdata_set &rArr; adv_data_encode &rArr; uuid_list_encode &rArr; uuid_list_sized_encode
</UL>
<BR>[Calls]<UL><LI><a href="#[4d]">&gt;&gt;</a>&nbsp;&nbsp;&nbsp;sys_printf
<LI><a href="#[90]">&gt;&gt;</a>&nbsp;&nbsp;&nbsp;sys_Initialize
<LI><a href="#[8e]">&gt;&gt;</a>&nbsp;&nbsp;&nbsp;softdevice_handler_init
<LI><a href="#[8f]">&gt;&gt;</a>&nbsp;&nbsp;&nbsp;softdevice_ble_evt_handler_set
<LI><a href="#[79]">&gt;&gt;</a>&nbsp;&nbsp;&nbsp;ble_conn_params_init
<LI><a href="#[78]">&gt;&gt;</a>&nbsp;&nbsp;&nbsp;ble_advdata_set
<LI><a href="#[70]">&gt;&gt;</a>&nbsp;&nbsp;&nbsp;app_timer_init
<LI><a href="#[6f]">&gt;&gt;</a>&nbsp;&nbsp;&nbsp;app_gpiote_init
<LI><a href="#[58]">&gt;&gt;</a>&nbsp;&nbsp;&nbsp;app_error_handler
<LI><a href="#[93]">&gt;&gt;</a>&nbsp;&nbsp;&nbsp;sys_Timer_Handler_Start
<LI><a href="#[91]">&gt;&gt;</a>&nbsp;&nbsp;&nbsp;sys_Timer_Handler_Init
<LI><a href="#[6c]">&gt;&gt;</a>&nbsp;&nbsp;&nbsp;advertising_start
<LI><a href="#[92]">&gt;&gt;</a>&nbsp;&nbsp;&nbsp;sec_params_init
<LI><a href="#[8b]">&gt;&gt;</a>&nbsp;&nbsp;&nbsp;gap_params_init
<LI><a href="#[80]">&gt;&gt;</a>&nbsp;&nbsp;&nbsp;ble_nus_init
<LI><a href="#[6d]">&gt;&gt;</a>&nbsp;&nbsp;&nbsp;__aeabi_memclr4
</UL>
<BR>[Address Reference Count : 1]<UL><LI> entry9a.o(.ARM.Collect$$$$0000000B)
</UL>
<P><STRONG><a name="[94]"></a>nrf_delay_ms</STRONG> (Thumb, 24 bytes, Stack size 16 bytes, nrf_delay.o(i.nrf_delay_ms))
<BR><BR>[Stack]<UL><LI>Max Depth = 16<LI>Call Chain = nrf_delay_ms
</UL>
<BR>[Calls]<UL><LI><a href="#[31]">&gt;&gt;</a>&nbsp;&nbsp;&nbsp;__asm___11_nrf_delay_c_532987f3__nrf_delay_us
</UL>
<BR>[Called By]<UL><LI><a href="#[9c]">&gt;&gt;</a>&nbsp;&nbsp;&nbsp;sys_BME280_init
<LI><a href="#[4a]">&gt;&gt;</a>&nbsp;&nbsp;&nbsp;sys_GetDustSensorValue
<LI><a href="#[b4]">&gt;&gt;</a>&nbsp;&nbsp;&nbsp;sys_Get_Body_Temp_Calcu
</UL>

<P><STRONG><a name="[25]"></a>nus_data_handler</STRONG> (Thumb, 28 bytes, Stack size 12 bytes, main.o(i.nus_data_handler))
<BR><BR>[Stack]<UL><LI>Max Depth = 12<LI>Call Chain = nus_data_handler
</UL>
<BR>[Address Reference Count : 1]<UL><LI> main.o(i.main)
</UL>
<P><STRONG><a name="[cd]"></a>simple_uart_config</STRONG> (Thumb, 76 bytes, Stack size 20 bytes, simple_uart.o(i.simple_uart_config))
<BR><BR>[Stack]<UL><LI>Max Depth = 20<LI>Call Chain = simple_uart_config
</UL>
<BR>[Called By]<UL><LI><a href="#[be]">&gt;&gt;</a>&nbsp;&nbsp;&nbsp;sys_Uart_init
</UL>

<P><STRONG><a name="[5b]"></a>simple_uart_get</STRONG> (Thumb, 20 bytes, Stack size 0 bytes, simple_uart.o(i.simple_uart_get))
<BR><BR>[Called By]<UL><LI><a href="#[8]">&gt;&gt;</a>&nbsp;&nbsp;&nbsp;UART0_IRQHandler
</UL>

<P><STRONG><a name="[28]"></a>softdevice_assertion_handler</STRONG> (Thumb, 12 bytes, Stack size 8 bytes, softdevice_handler.o(i.softdevice_assertion_handler))
<BR><BR>[Stack]<UL><LI>Max Depth = 8<LI>Call Chain = softdevice_assertion_handler
</UL>
<BR>[Address Reference Count : 1]<UL><LI> softdevice_handler.o(i.softdevice_handler_init)
</UL>
<P><STRONG><a name="[8f]"></a>softdevice_ble_evt_handler_set</STRONG> (Thumb, 16 bytes, Stack size 0 bytes, softdevice_handler.o(i.softdevice_ble_evt_handler_set))
<BR><BR>[Called By]<UL><LI><a href="#[1f]">&gt;&gt;</a>&nbsp;&nbsp;&nbsp;main
</UL>

<P><STRONG><a name="[8e]"></a>softdevice_handler_init</STRONG> (Thumb, 40 bytes, Stack size 16 bytes, softdevice_handler.o(i.softdevice_handler_init))
<BR><BR>[Stack]<UL><LI>Max Depth = 16<LI>Call Chain = softdevice_handler_init
</UL>
<BR>[Called By]<UL><LI><a href="#[1f]">&gt;&gt;</a>&nbsp;&nbsp;&nbsp;main
</UL>

<P><STRONG><a name="[96]"></a>sys_All_Sensor_Control</STRONG> (Thumb, 56 bytes, Stack size 8 bytes, sys_ble_process.o(i.sys_All_Sensor_Control))
<BR><BR>[Stack]<UL><LI>Max Depth = 184<LI>Call Chain = sys_All_Sensor_Control &rArr; sys_printf &rArr; vsprintf
</UL>
<BR>[Calls]<UL><LI><a href="#[4d]">&gt;&gt;</a>&nbsp;&nbsp;&nbsp;sys_printf
<LI><a href="#[5c]">&gt;&gt;</a>&nbsp;&nbsp;&nbsp;ble_nus_send_string
<LI><a href="#[97]">&gt;&gt;</a>&nbsp;&nbsp;&nbsp;GetCheckSum_Sum_Carry
</UL>
<BR>[Called By]<UL><LI><a href="#[a5]">&gt;&gt;</a>&nbsp;&nbsp;&nbsp;sys_ble_process
</UL>

<P><STRONG><a name="[98]"></a>sys_BME280_Config</STRONG> (Thumb, 68 bytes, Stack size 24 bytes, sys_temphumipress.o(i.sys_BME280_Config))
<BR><BR>[Stack]<UL><LI>Max Depth = 200<LI>Call Chain = sys_BME280_Config &rArr; sys_printf &rArr; vsprintf
</UL>
<BR>[Calls]<UL><LI><a href="#[87]">&gt;&gt;</a>&nbsp;&nbsp;&nbsp;twi_master_transfer
<LI><a href="#[4d]">&gt;&gt;</a>&nbsp;&nbsp;&nbsp;sys_printf
</UL>
<BR>[Called By]<UL><LI><a href="#[9c]">&gt;&gt;</a>&nbsp;&nbsp;&nbsp;sys_BME280_init
</UL>

<P><STRONG><a name="[99]"></a>sys_BME280_Ctrl_Meas</STRONG> (Thumb, 70 bytes, Stack size 24 bytes, sys_temphumipress.o(i.sys_BME280_Ctrl_Meas))
<BR><BR>[Stack]<UL><LI>Max Depth = 200<LI>Call Chain = sys_BME280_Ctrl_Meas &rArr; sys_printf &rArr; vsprintf
</UL>
<BR>[Calls]<UL><LI><a href="#[87]">&gt;&gt;</a>&nbsp;&nbsp;&nbsp;twi_master_transfer
<LI><a href="#[4d]">&gt;&gt;</a>&nbsp;&nbsp;&nbsp;sys_printf
</UL>
<BR>[Called By]<UL><LI><a href="#[9c]">&gt;&gt;</a>&nbsp;&nbsp;&nbsp;sys_BME280_init
</UL>

<P><STRONG><a name="[9a]"></a>sys_BME280_force</STRONG> (Thumb, 26 bytes, Stack size 8 bytes, sys_temphumipress.o(i.sys_BME280_force))
<BR><BR>[Stack]<UL><LI>Max Depth = 80<LI>Call Chain = sys_BME280_force &rArr; twi_master_transfer &rArr; twi_master_clear_bus
</UL>
<BR>[Calls]<UL><LI><a href="#[87]">&gt;&gt;</a>&nbsp;&nbsp;&nbsp;twi_master_transfer
</UL>
<BR>[Called By]<UL><LI><a href="#[b1]">&gt;&gt;</a>&nbsp;&nbsp;&nbsp;sys_GetBME280_Force_Temp_Press_Hudi
</UL>

<P><STRONG><a name="[9b]"></a>sys_BME280_hum</STRONG> (Thumb, 70 bytes, Stack size 24 bytes, sys_temphumipress.o(i.sys_BME280_hum))
<BR><BR>[Stack]<UL><LI>Max Depth = 200<LI>Call Chain = sys_BME280_hum &rArr; sys_printf &rArr; vsprintf
</UL>
<BR>[Calls]<UL><LI><a href="#[87]">&gt;&gt;</a>&nbsp;&nbsp;&nbsp;twi_master_transfer
<LI><a href="#[4d]">&gt;&gt;</a>&nbsp;&nbsp;&nbsp;sys_printf
</UL>
<BR>[Called By]<UL><LI><a href="#[9c]">&gt;&gt;</a>&nbsp;&nbsp;&nbsp;sys_BME280_init
</UL>

<P><STRONG><a name="[9c]"></a>sys_BME280_init</STRONG> (Thumb, 58 bytes, Stack size 8 bytes, sys_temphumipress.o(i.sys_BME280_init))
<BR><BR>[Stack]<UL><LI>Max Depth = 256<LI>Call Chain = sys_BME280_init &rArr; bme280_get_calib_param &rArr; sys_printf &rArr; vsprintf
</UL>
<BR>[Calls]<UL><LI><a href="#[4d]">&gt;&gt;</a>&nbsp;&nbsp;&nbsp;sys_printf
<LI><a href="#[9d]">&gt;&gt;</a>&nbsp;&nbsp;&nbsp;sys_GetBME280_ID
<LI><a href="#[9e]">&gt;&gt;</a>&nbsp;&nbsp;&nbsp;sys_BME280_sleep
<LI><a href="#[9b]">&gt;&gt;</a>&nbsp;&nbsp;&nbsp;sys_BME280_hum
<LI><a href="#[99]">&gt;&gt;</a>&nbsp;&nbsp;&nbsp;sys_BME280_Ctrl_Meas
<LI><a href="#[98]">&gt;&gt;</a>&nbsp;&nbsp;&nbsp;sys_BME280_Config
<LI><a href="#[86]">&gt;&gt;</a>&nbsp;&nbsp;&nbsp;bme280_get_calib_param
<LI><a href="#[94]">&gt;&gt;</a>&nbsp;&nbsp;&nbsp;nrf_delay_ms
</UL>
<BR>[Called By]<UL><LI><a href="#[c3]">&gt;&gt;</a>&nbsp;&nbsp;&nbsp;sys_Sensor_Init
</UL>

<P><STRONG><a name="[9e]"></a>sys_BME280_sleep</STRONG> (Thumb, 70 bytes, Stack size 24 bytes, sys_temphumipress.o(i.sys_BME280_sleep))
<BR><BR>[Stack]<UL><LI>Max Depth = 200<LI>Call Chain = sys_BME280_sleep &rArr; sys_printf &rArr; vsprintf
</UL>
<BR>[Calls]<UL><LI><a href="#[87]">&gt;&gt;</a>&nbsp;&nbsp;&nbsp;twi_master_transfer
<LI><a href="#[4d]">&gt;&gt;</a>&nbsp;&nbsp;&nbsp;sys_printf
</UL>
<BR>[Called By]<UL><LI><a href="#[9c]">&gt;&gt;</a>&nbsp;&nbsp;&nbsp;sys_BME280_init
</UL>

<P><STRONG><a name="[9f]"></a>sys_Batt_Info</STRONG> (Thumb, 84 bytes, Stack size 32 bytes, sys_ble_process.o(i.sys_Batt_Info))
<BR><BR>[Stack]<UL><LI>Max Depth = 280<LI>Call Chain = sys_Batt_Info &rArr; sys_GetBatteryInfo &rArr; sys_printf &rArr; vsprintf
</UL>
<BR>[Calls]<UL><LI><a href="#[4d]">&gt;&gt;</a>&nbsp;&nbsp;&nbsp;sys_printf
<LI><a href="#[5c]">&gt;&gt;</a>&nbsp;&nbsp;&nbsp;ble_nus_send_string
<LI><a href="#[97]">&gt;&gt;</a>&nbsp;&nbsp;&nbsp;GetCheckSum_Sum_Carry
<LI><a href="#[a0]">&gt;&gt;</a>&nbsp;&nbsp;&nbsp;sys_GetBatteryInfo
</UL>
<BR>[Called By]<UL><LI><a href="#[a5]">&gt;&gt;</a>&nbsp;&nbsp;&nbsp;sys_ble_process
</UL>

<P><STRONG><a name="[a1]"></a>sys_Battey_manager</STRONG> (Thumb, 400 bytes, Stack size 24 bytes, sys_gas_battery.o(i.sys_Battey_manager))
<BR><BR>[Stack]<UL><LI>Max Depth = 200<LI>Call Chain = sys_Battey_manager &rArr; sys_printf &rArr; vsprintf
</UL>
<BR>[Calls]<UL><LI><a href="#[4d]">&gt;&gt;</a>&nbsp;&nbsp;&nbsp;sys_printf
<LI><a href="#[a2]">&gt;&gt;</a>&nbsp;&nbsp;&nbsp;nrf_gpio_pin_toggle
<LI><a href="#[a3]">&gt;&gt;</a>&nbsp;&nbsp;&nbsp;nrf_gpio_pin_clear
<LI><a href="#[89]">&gt;&gt;</a>&nbsp;&nbsp;&nbsp;__ARM_common_switch8
</UL>
<BR>[Called By]<UL><LI><a href="#[29]">&gt;&gt;</a>&nbsp;&nbsp;&nbsp;sys_Main_Timer_Handler
</UL>

<P><STRONG><a name="[2b]"></a>sys_Ble_Led_Timer_Handler</STRONG> (Thumb, 8 bytes, Stack size 0 bytes, sys_interrupt.o(i.sys_Ble_Led_Timer_Handler))
<BR>[Address Reference Count : 1]<UL><LI> main.o(i.sys_Timer_Handler_Init)
</UL>
<P><STRONG><a name="[a4]"></a>sys_Ble_Model</STRONG> (Thumb, 92 bytes, Stack size 8 bytes, sys_ble_process.o(i.sys_Ble_Model))
<BR><BR>[Stack]<UL><LI>Max Depth = 184<LI>Call Chain = sys_Ble_Model &rArr; sys_printf &rArr; vsprintf
</UL>
<BR>[Calls]<UL><LI><a href="#[4d]">&gt;&gt;</a>&nbsp;&nbsp;&nbsp;sys_printf
<LI><a href="#[5c]">&gt;&gt;</a>&nbsp;&nbsp;&nbsp;ble_nus_send_string
<LI><a href="#[97]">&gt;&gt;</a>&nbsp;&nbsp;&nbsp;GetCheckSum_Sum_Carry
<LI><a href="#[67]">&gt;&gt;</a>&nbsp;&nbsp;&nbsp;__aeabi_memcpy
</UL>
<BR>[Called By]<UL><LI><a href="#[a5]">&gt;&gt;</a>&nbsp;&nbsp;&nbsp;sys_ble_process
</UL>

<P><STRONG><a name="[2a]"></a>sys_Ble_Tx_Handler</STRONG> (Thumb, 16 bytes, Stack size 16 bytes, sys_interrupt.o(i.sys_Ble_Tx_Handler))
<BR><BR>[Stack]<UL><LI>Max Depth = 320<LI>Call Chain = sys_Ble_Tx_Handler &rArr; sys_ble_process &rArr; sys_Temp_Humi_Press &rArr; sys_GetBME280_Force_Temp_Press_Hudi &rArr; bme280_compensate_pressure_int32 &rArr; sys_printf &rArr; vsprintf
</UL>
<BR>[Calls]<UL><LI><a href="#[a5]">&gt;&gt;</a>&nbsp;&nbsp;&nbsp;sys_ble_process
</UL>
<BR>[Address Reference Count : 1]<UL><LI> main.o(i.sys_Timer_Handler_Init)
</UL>
<P><STRONG><a name="[a6]"></a>sys_Ble_Tx_Handler_Start</STRONG> (Thumb, 30 bytes, Stack size 8 bytes, sys_interrupt.o(i.sys_Ble_Tx_Handler_Start))
<BR><BR>[Stack]<UL><LI>Max Depth = 40<LI>Call Chain = sys_Ble_Tx_Handler_Start &rArr; app_timer_start
</UL>
<BR>[Calls]<UL><LI><a href="#[73]">&gt;&gt;</a>&nbsp;&nbsp;&nbsp;app_timer_start
<LI><a href="#[58]">&gt;&gt;</a>&nbsp;&nbsp;&nbsp;app_error_handler
</UL>
<BR>[Called By]<UL><LI><a href="#[29]">&gt;&gt;</a>&nbsp;&nbsp;&nbsp;sys_Main_Timer_Handler
</UL>

<P><STRONG><a name="[a7]"></a>sys_Ble_Tx_Handler_Stop</STRONG> (Thumb, 12 bytes, Stack size 8 bytes, sys_interrupt.o(i.sys_Ble_Tx_Handler_Stop))
<BR><BR>[Stack]<UL><LI>Max Depth = 32<LI>Call Chain = sys_Ble_Tx_Handler_Stop &rArr; app_timer_stop
</UL>
<BR>[Calls]<UL><LI><a href="#[77]">&gt;&gt;</a>&nbsp;&nbsp;&nbsp;app_timer_stop
</UL>
<BR>[Called By]<UL><LI><a href="#[29]">&gt;&gt;</a>&nbsp;&nbsp;&nbsp;sys_Main_Timer_Handler
</UL>

<P><STRONG><a name="[a8]"></a>sys_Ble_Version</STRONG> (Thumb, 62 bytes, Stack size 8 bytes, sys_ble_process.o(i.sys_Ble_Version))
<BR><BR>[Stack]<UL><LI>Max Depth = 184<LI>Call Chain = sys_Ble_Version &rArr; sys_printf &rArr; vsprintf
</UL>
<BR>[Calls]<UL><LI><a href="#[4d]">&gt;&gt;</a>&nbsp;&nbsp;&nbsp;sys_printf
<LI><a href="#[5c]">&gt;&gt;</a>&nbsp;&nbsp;&nbsp;ble_nus_send_string
<LI><a href="#[97]">&gt;&gt;</a>&nbsp;&nbsp;&nbsp;GetCheckSum_Sum_Carry
</UL>
<BR>[Called By]<UL><LI><a href="#[a5]">&gt;&gt;</a>&nbsp;&nbsp;&nbsp;sys_ble_process
</UL>

<P><STRONG><a name="[a9]"></a>sys_Body_Temp_Range_Set</STRONG> (Thumb, 74 bytes, Stack size 16 bytes, sys_ble_process.o(i.sys_Body_Temp_Range_Set))
<BR><BR>[Stack]<UL><LI>Max Depth = 192<LI>Call Chain = sys_Body_Temp_Range_Set &rArr; sys_printf &rArr; vsprintf
</UL>
<BR>[Calls]<UL><LI><a href="#[4d]">&gt;&gt;</a>&nbsp;&nbsp;&nbsp;sys_printf
<LI><a href="#[5c]">&gt;&gt;</a>&nbsp;&nbsp;&nbsp;ble_nus_send_string
<LI><a href="#[97]">&gt;&gt;</a>&nbsp;&nbsp;&nbsp;GetCheckSum_Sum_Carry
</UL>
<BR>[Called By]<UL><LI><a href="#[a5]">&gt;&gt;</a>&nbsp;&nbsp;&nbsp;sys_ble_process
</UL>

<P><STRONG><a name="[aa]"></a>sys_Body_Temp_Sensor</STRONG> (Thumb, 50 bytes, Stack size 8 bytes, sys_ble_process.o(i.sys_Body_Temp_Sensor))
<BR><BR>[Stack]<UL><LI>Max Depth = 40<LI>Call Chain = sys_Body_Temp_Sensor &rArr; ble_nus_send_string
</UL>
<BR>[Calls]<UL><LI><a href="#[5c]">&gt;&gt;</a>&nbsp;&nbsp;&nbsp;ble_nus_send_string
<LI><a href="#[97]">&gt;&gt;</a>&nbsp;&nbsp;&nbsp;GetCheckSum_Sum_Carry
</UL>
<BR>[Called By]<UL><LI><a href="#[a5]">&gt;&gt;</a>&nbsp;&nbsp;&nbsp;sys_ble_process
</UL>

<P><STRONG><a name="[ab]"></a>sys_Body_Temp_Set</STRONG> (Thumb, 118 bytes, Stack size 24 bytes, sys_ble_process.o(i.sys_Body_Temp_Set))
<BR><BR>[Stack]<UL><LI>Max Depth = 200<LI>Call Chain = sys_Body_Temp_Set &rArr; sys_printf &rArr; vsprintf
</UL>
<BR>[Calls]<UL><LI><a href="#[4d]">&gt;&gt;</a>&nbsp;&nbsp;&nbsp;sys_printf
<LI><a href="#[5c]">&gt;&gt;</a>&nbsp;&nbsp;&nbsp;ble_nus_send_string
<LI><a href="#[97]">&gt;&gt;</a>&nbsp;&nbsp;&nbsp;GetCheckSum_Sum_Carry
</UL>
<BR>[Called By]<UL><LI><a href="#[a5]">&gt;&gt;</a>&nbsp;&nbsp;&nbsp;sys_ble_process
</UL>

<P><STRONG><a name="[ac]"></a>sys_Bt_Nack_Cmd</STRONG> (Thumb, 64 bytes, Stack size 16 bytes, sys_ble_process.o(i.sys_Bt_Nack_Cmd))
<BR><BR>[Stack]<UL><LI>Max Depth = 48<LI>Call Chain = sys_Bt_Nack_Cmd &rArr; ble_nus_send_string
</UL>
<BR>[Calls]<UL><LI><a href="#[5c]">&gt;&gt;</a>&nbsp;&nbsp;&nbsp;ble_nus_send_string
<LI><a href="#[97]">&gt;&gt;</a>&nbsp;&nbsp;&nbsp;GetCheckSum_Sum_Carry
<LI><a href="#[67]">&gt;&gt;</a>&nbsp;&nbsp;&nbsp;__aeabi_memcpy
</UL>
<BR>[Called By]<UL><LI><a href="#[a5]">&gt;&gt;</a>&nbsp;&nbsp;&nbsp;sys_ble_process
</UL>

<P><STRONG><a name="[ad]"></a>sys_Dust_Value_set</STRONG> (Thumb, 98 bytes, Stack size 16 bytes, sys_ble_process.o(i.sys_Dust_Value_set))
<BR><BR>[Stack]<UL><LI>Max Depth = 192<LI>Call Chain = sys_Dust_Value_set &rArr; sys_printf &rArr; vsprintf
</UL>
<BR>[Calls]<UL><LI><a href="#[4d]">&gt;&gt;</a>&nbsp;&nbsp;&nbsp;sys_printf
<LI><a href="#[5c]">&gt;&gt;</a>&nbsp;&nbsp;&nbsp;ble_nus_send_string
<LI><a href="#[97]">&gt;&gt;</a>&nbsp;&nbsp;&nbsp;GetCheckSum_Sum_Carry
</UL>
<BR>[Called By]<UL><LI><a href="#[a5]">&gt;&gt;</a>&nbsp;&nbsp;&nbsp;sys_ble_process
</UL>

<P><STRONG><a name="[ae]"></a>sys_Force_Sensor_Range_Set</STRONG> (Thumb, 80 bytes, Stack size 16 bytes, sys_ble_process.o(i.sys_Force_Sensor_Range_Set))
<BR><BR>[Stack]<UL><LI>Max Depth = 192<LI>Call Chain = sys_Force_Sensor_Range_Set &rArr; sys_printf &rArr; vsprintf
</UL>
<BR>[Calls]<UL><LI><a href="#[4d]">&gt;&gt;</a>&nbsp;&nbsp;&nbsp;sys_printf
<LI><a href="#[5c]">&gt;&gt;</a>&nbsp;&nbsp;&nbsp;ble_nus_send_string
<LI><a href="#[97]">&gt;&gt;</a>&nbsp;&nbsp;&nbsp;GetCheckSum_Sum_Carry
</UL>
<BR>[Called By]<UL><LI><a href="#[a5]">&gt;&gt;</a>&nbsp;&nbsp;&nbsp;sys_ble_process
</UL>

<P><STRONG><a name="[af]"></a>sys_Froce_Sensor_check</STRONG> (Thumb, 58 bytes, Stack size 16 bytes, sys_ble_process.o(i.sys_Froce_Sensor_check))
<BR><BR>[Stack]<UL><LI>Max Depth = 192<LI>Call Chain = sys_Froce_Sensor_check &rArr; sys_printf &rArr; vsprintf
</UL>
<BR>[Calls]<UL><LI><a href="#[4d]">&gt;&gt;</a>&nbsp;&nbsp;&nbsp;sys_printf
<LI><a href="#[5c]">&gt;&gt;</a>&nbsp;&nbsp;&nbsp;ble_nus_send_string
<LI><a href="#[97]">&gt;&gt;</a>&nbsp;&nbsp;&nbsp;GetCheckSum_Sum_Carry
</UL>
<BR>[Called By]<UL><LI><a href="#[a5]">&gt;&gt;</a>&nbsp;&nbsp;&nbsp;sys_ble_process
</UL>

<P><STRONG><a name="[b0]"></a>sys_Gas_Sensor</STRONG> (Thumb, 60 bytes, Stack size 8 bytes, sys_ble_process.o(i.sys_Gas_Sensor))
<BR><BR>[Stack]<UL><LI>Max Depth = 184<LI>Call Chain = sys_Gas_Sensor &rArr; sys_printf &rArr; vsprintf
</UL>
<BR>[Calls]<UL><LI><a href="#[4d]">&gt;&gt;</a>&nbsp;&nbsp;&nbsp;sys_printf
<LI><a href="#[5c]">&gt;&gt;</a>&nbsp;&nbsp;&nbsp;ble_nus_send_string
<LI><a href="#[97]">&gt;&gt;</a>&nbsp;&nbsp;&nbsp;GetCheckSum_Sum_Carry
</UL>
<BR>[Called By]<UL><LI><a href="#[a5]">&gt;&gt;</a>&nbsp;&nbsp;&nbsp;sys_ble_process
</UL>

<P><STRONG><a name="[b2]"></a>sys_GetADC_Value</STRONG> (Thumb, 24 bytes, Stack size 0 bytes, sys_dust_sensor.o(i.sys_GetADC_Value))
<BR><BR>[Called By]<UL><LI><a href="#[4a]">&gt;&gt;</a>&nbsp;&nbsp;&nbsp;sys_GetDustSensorValue
</UL>

<P><STRONG><a name="[b1]"></a>sys_GetBME280_Force_Temp_Press_Hudi</STRONG> (Thumb, 258 bytes, Stack size 64 bytes, sys_temphumipress.o(i.sys_GetBME280_Force_Temp_Press_Hudi))
<BR><BR>[Stack]<UL><LI>Max Depth = 256<LI>Call Chain = sys_GetBME280_Force_Temp_Press_Hudi &rArr; bme280_compensate_pressure_int32 &rArr; sys_printf &rArr; vsprintf
</UL>
<BR>[Calls]<UL><LI><a href="#[87]">&gt;&gt;</a>&nbsp;&nbsp;&nbsp;twi_master_transfer
<LI><a href="#[4d]">&gt;&gt;</a>&nbsp;&nbsp;&nbsp;sys_printf
<LI><a href="#[9a]">&gt;&gt;</a>&nbsp;&nbsp;&nbsp;sys_BME280_force
<LI><a href="#[85]">&gt;&gt;</a>&nbsp;&nbsp;&nbsp;bme280_compensate_temperature_int32
<LI><a href="#[84]">&gt;&gt;</a>&nbsp;&nbsp;&nbsp;bme280_compensate_pressure_int32
<LI><a href="#[83]">&gt;&gt;</a>&nbsp;&nbsp;&nbsp;bme280_compensate_humidity_int32
</UL>
<BR>[Called By]<UL><LI><a href="#[c8]">&gt;&gt;</a>&nbsp;&nbsp;&nbsp;sys_Temp_Humi_Press
</UL>

<P><STRONG><a name="[9d]"></a>sys_GetBME280_ID</STRONG> (Thumb, 42 bytes, Stack size 16 bytes, sys_temphumipress.o(i.sys_GetBME280_ID))
<BR><BR>[Stack]<UL><LI>Max Depth = 88<LI>Call Chain = sys_GetBME280_ID &rArr; twi_master_transfer &rArr; twi_master_clear_bus
</UL>
<BR>[Calls]<UL><LI><a href="#[87]">&gt;&gt;</a>&nbsp;&nbsp;&nbsp;twi_master_transfer
</UL>
<BR>[Called By]<UL><LI><a href="#[9c]">&gt;&gt;</a>&nbsp;&nbsp;&nbsp;sys_BME280_init
</UL>

<P><STRONG><a name="[a0]"></a>sys_GetBatteryInfo</STRONG> (Thumb, 194 bytes, Stack size 72 bytes, sys_gas_battery.o(i.sys_GetBatteryInfo))
<BR><BR>[Stack]<UL><LI>Max Depth = 248<LI>Call Chain = sys_GetBatteryInfo &rArr; sys_printf &rArr; vsprintf
</UL>
<BR>[Calls]<UL><LI><a href="#[87]">&gt;&gt;</a>&nbsp;&nbsp;&nbsp;twi_master_transfer
<LI><a href="#[4d]">&gt;&gt;</a>&nbsp;&nbsp;&nbsp;sys_printf
<LI><a href="#[40]">&gt;&gt;</a>&nbsp;&nbsp;&nbsp;__aeabi_ui2d
<LI><a href="#[3d]">&gt;&gt;</a>&nbsp;&nbsp;&nbsp;__aeabi_dmul
<LI><a href="#[41]">&gt;&gt;</a>&nbsp;&nbsp;&nbsp;__aeabi_d2f
<LI><a href="#[4c]">&gt;&gt;</a>&nbsp;&nbsp;&nbsp;__aeabi_f2d
</UL>
<BR>[Called By]<UL><LI><a href="#[29]">&gt;&gt;</a>&nbsp;&nbsp;&nbsp;sys_Main_Timer_Handler
<LI><a href="#[9f]">&gt;&gt;</a>&nbsp;&nbsp;&nbsp;sys_Batt_Info
</UL>

<P><STRONG><a name="[4a]"></a>sys_GetDustSensorValue</STRONG> (Thumb, 150 bytes, Stack size 24 bytes, sys_dust_sensor.o(i.sys_GetDustSensorValue))
<BR><BR>[Stack]<UL><LI>Max Depth = 200<LI>Call Chain = sys_GetDustSensorValue &rArr; sys_printf &rArr; vsprintf
</UL>
<BR>[Calls]<UL><LI><a href="#[4d]">&gt;&gt;</a>&nbsp;&nbsp;&nbsp;sys_printf
<LI><a href="#[3b]">&gt;&gt;</a>&nbsp;&nbsp;&nbsp;__aeabi_dsub
<LI><a href="#[b2]">&gt;&gt;</a>&nbsp;&nbsp;&nbsp;sys_GetADC_Value
<LI><a href="#[30]">&gt;&gt;</a>&nbsp;&nbsp;&nbsp;__asm___17_sys_dust_sensor_c_be843af8__nrf_delay_us
<LI><a href="#[50]">&gt;&gt;</a>&nbsp;&nbsp;&nbsp;nrf_gpio_pin_set
<LI><a href="#[4f]">&gt;&gt;</a>&nbsp;&nbsp;&nbsp;nrf_gpio_pin_clear
<LI><a href="#[40]">&gt;&gt;</a>&nbsp;&nbsp;&nbsp;__aeabi_ui2d
<LI><a href="#[3d]">&gt;&gt;</a>&nbsp;&nbsp;&nbsp;__aeabi_dmul
<LI><a href="#[41]">&gt;&gt;</a>&nbsp;&nbsp;&nbsp;__aeabi_d2f
<LI><a href="#[94]">&gt;&gt;</a>&nbsp;&nbsp;&nbsp;nrf_delay_ms
<LI><a href="#[4c]">&gt;&gt;</a>&nbsp;&nbsp;&nbsp;__aeabi_f2d
<LI><a href="#[63]">&gt;&gt;</a>&nbsp;&nbsp;&nbsp;__aeabi_uidivmod
</UL>
<BR>[Called By]<UL><LI><a href="#[b7]">&gt;&gt;</a>&nbsp;&nbsp;&nbsp;sys_Get_Dust_sensor
<LI><a href="#[49]">&gt;&gt;</a>&nbsp;&nbsp;&nbsp;Dust_Sensor_Process
</UL>

<P><STRONG><a name="[b3]"></a>sys_GetSTC3115_ID</STRONG> (Thumb, 42 bytes, Stack size 16 bytes, sys_gas_battery.o(i.sys_GetSTC3115_ID))
<BR><BR>[Stack]<UL><LI>Max Depth = 88<LI>Call Chain = sys_GetSTC3115_ID &rArr; twi_master_transfer &rArr; twi_master_clear_bus
</UL>
<BR>[Calls]<UL><LI><a href="#[87]">&gt;&gt;</a>&nbsp;&nbsp;&nbsp;twi_master_transfer
</UL>
<BR>[Called By]<UL><LI><a href="#[c6]">&gt;&gt;</a>&nbsp;&nbsp;&nbsp;sys_STC3115_Init
</UL>

<P><STRONG><a name="[b4]"></a>sys_Get_Body_Temp_Calcu</STRONG> (Thumb, 76 bytes, Stack size 16 bytes, sys_ble_process.o(i.sys_Get_Body_Temp_Calcu))
<BR><BR>[Stack]<UL><LI>Max Depth = 192<LI>Call Chain = sys_Get_Body_Temp_Calcu &rArr; sys_printf &rArr; vsprintf
</UL>
<BR>[Calls]<UL><LI><a href="#[4d]">&gt;&gt;</a>&nbsp;&nbsp;&nbsp;sys_printf
<LI><a href="#[5c]">&gt;&gt;</a>&nbsp;&nbsp;&nbsp;ble_nus_send_string
<LI><a href="#[94]">&gt;&gt;</a>&nbsp;&nbsp;&nbsp;nrf_delay_ms
<LI><a href="#[97]">&gt;&gt;</a>&nbsp;&nbsp;&nbsp;GetCheckSum_Sum_Carry
</UL>
<BR>[Called By]<UL><LI><a href="#[a5]">&gt;&gt;</a>&nbsp;&nbsp;&nbsp;sys_ble_process
</UL>

<P><STRONG><a name="[b5]"></a>sys_Get_Co2_Sensor</STRONG> (Thumb, 104 bytes, Stack size 32 bytes, sys_ble_process.o(i.sys_Get_Co2_Sensor))
<BR><BR>[Stack]<UL><LI>Max Depth = 208<LI>Call Chain = sys_Get_Co2_Sensor &rArr; sys_printf &rArr; vsprintf
</UL>
<BR>[Calls]<UL><LI><a href="#[4d]">&gt;&gt;</a>&nbsp;&nbsp;&nbsp;sys_printf
<LI><a href="#[5c]">&gt;&gt;</a>&nbsp;&nbsp;&nbsp;ble_nus_send_string
<LI><a href="#[b6]">&gt;&gt;</a>&nbsp;&nbsp;&nbsp;sys_GetiAQSensor_Data
<LI><a href="#[97]">&gt;&gt;</a>&nbsp;&nbsp;&nbsp;GetCheckSum_Sum_Carry
</UL>
<BR>[Called By]<UL><LI><a href="#[a5]">&gt;&gt;</a>&nbsp;&nbsp;&nbsp;sys_ble_process
</UL>

<P><STRONG><a name="[b7]"></a>sys_Get_Dust_sensor</STRONG> (Thumb, 126 bytes, Stack size 32 bytes, sys_ble_process.o(i.sys_Get_Dust_sensor))
<BR><BR>[Stack]<UL><LI>Max Depth = 232<LI>Call Chain = sys_Get_Dust_sensor &rArr; sys_GetDustSensorValue &rArr; sys_printf &rArr; vsprintf
</UL>
<BR>[Calls]<UL><LI><a href="#[4d]">&gt;&gt;</a>&nbsp;&nbsp;&nbsp;sys_printf
<LI><a href="#[5c]">&gt;&gt;</a>&nbsp;&nbsp;&nbsp;ble_nus_send_string
<LI><a href="#[4a]">&gt;&gt;</a>&nbsp;&nbsp;&nbsp;sys_GetDustSensorValue
<LI><a href="#[3e]">&gt;&gt;</a>&nbsp;&nbsp;&nbsp;__aeabi_ui2f
<LI><a href="#[b8]">&gt;&gt;</a>&nbsp;&nbsp;&nbsp;__aeabi_f2uiz
<LI><a href="#[4c]">&gt;&gt;</a>&nbsp;&nbsp;&nbsp;__aeabi_f2d
<LI><a href="#[4b]">&gt;&gt;</a>&nbsp;&nbsp;&nbsp;__ARM_scalbnf
<LI><a href="#[97]">&gt;&gt;</a>&nbsp;&nbsp;&nbsp;GetCheckSum_Sum_Carry
</UL>
<BR>[Called By]<UL><LI><a href="#[a5]">&gt;&gt;</a>&nbsp;&nbsp;&nbsp;sys_ble_process
</UL>

<P><STRONG><a name="[b6]"></a>sys_GetiAQSensor_Data</STRONG> (Thumb, 182 bytes, Stack size 40 bytes, sys_iaq_sensor.o(i.sys_GetiAQSensor_Data))
<BR><BR>[Stack]<UL><LI>Max Depth = 112<LI>Call Chain = sys_GetiAQSensor_Data &rArr; twi_master_transfer &rArr; twi_master_clear_bus
</UL>
<BR>[Calls]<UL><LI><a href="#[87]">&gt;&gt;</a>&nbsp;&nbsp;&nbsp;twi_master_transfer
</UL>
<BR>[Called By]<UL><LI><a href="#[b5]">&gt;&gt;</a>&nbsp;&nbsp;&nbsp;sys_Get_Co2_Sensor
</UL>

<P><STRONG><a name="[bb]"></a>sys_Heart_Rate_Sensor</STRONG> (Thumb, 96 bytes, Stack size 8 bytes, sys_ble_process.o(i.sys_Heart_Rate_Sensor))
<BR><BR>[Stack]<UL><LI>Max Depth = 184<LI>Call Chain = sys_Heart_Rate_Sensor &rArr; sys_printf &rArr; vsprintf
</UL>
<BR>[Calls]<UL><LI><a href="#[4d]">&gt;&gt;</a>&nbsp;&nbsp;&nbsp;sys_printf
<LI><a href="#[5c]">&gt;&gt;</a>&nbsp;&nbsp;&nbsp;ble_nus_send_string
<LI><a href="#[97]">&gt;&gt;</a>&nbsp;&nbsp;&nbsp;GetCheckSum_Sum_Carry
</UL>
<BR>[Called By]<UL><LI><a href="#[a5]">&gt;&gt;</a>&nbsp;&nbsp;&nbsp;sys_ble_process
</UL>

<P><STRONG><a name="[bc]"></a>sys_ION_ON_OFF</STRONG> (Thumb, 78 bytes, Stack size 8 bytes, sys_ble_process.o(i.sys_ION_ON_OFF))
<BR><BR>[Stack]<UL><LI>Max Depth = 184<LI>Call Chain = sys_ION_ON_OFF &rArr; sys_printf &rArr; vsprintf
</UL>
<BR>[Calls]<UL><LI><a href="#[4d]">&gt;&gt;</a>&nbsp;&nbsp;&nbsp;sys_printf
<LI><a href="#[5c]">&gt;&gt;</a>&nbsp;&nbsp;&nbsp;ble_nus_send_string
<LI><a href="#[97]">&gt;&gt;</a>&nbsp;&nbsp;&nbsp;GetCheckSum_Sum_Carry
<LI><a href="#[bd]">&gt;&gt;</a>&nbsp;&nbsp;&nbsp;sys_Ion_on_off
</UL>
<BR>[Called By]<UL><LI><a href="#[a5]">&gt;&gt;</a>&nbsp;&nbsp;&nbsp;sys_ble_process
</UL>

<P><STRONG><a name="[90]"></a>sys_Initialize</STRONG> (Thumb, 34 bytes, Stack size 8 bytes, sys_initialize.o(i.sys_Initialize))
<BR><BR>[Stack]<UL><LI>Max Depth = 48<LI>Call Chain = sys_Initialize &rArr; twi_master_init &rArr; twi_master_clear_bus
</UL>
<BR>[Calls]<UL><LI><a href="#[bf]">&gt;&gt;</a>&nbsp;&nbsp;&nbsp;sys_WDT_init
<LI><a href="#[be]">&gt;&gt;</a>&nbsp;&nbsp;&nbsp;sys_Uart_init
<LI><a href="#[b9]">&gt;&gt;</a>&nbsp;&nbsp;&nbsp;sys_Gpio_init
<LI><a href="#[c0]">&gt;&gt;</a>&nbsp;&nbsp;&nbsp;twi_master_init
</UL>
<BR>[Called By]<UL><LI><a href="#[1f]">&gt;&gt;</a>&nbsp;&nbsp;&nbsp;main
</UL>

<P><STRONG><a name="[bd]"></a>sys_Ion_on_off</STRONG> (Thumb, 70 bytes, Stack size 8 bytes, sys_interrupt.o(i.sys_Ion_on_off))
<BR><BR>[Stack]<UL><LI>Max Depth = 8<LI>Call Chain = sys_Ion_on_off
</UL>
<BR>[Calls]<UL><LI><a href="#[c1]">&gt;&gt;</a>&nbsp;&nbsp;&nbsp;nrf_gpio_pin_set
<LI><a href="#[c2]">&gt;&gt;</a>&nbsp;&nbsp;&nbsp;nrf_gpio_pin_clear
</UL>
<BR>[Called By]<UL><LI><a href="#[29]">&gt;&gt;</a>&nbsp;&nbsp;&nbsp;sys_Main_Timer_Handler
<LI><a href="#[bc]">&gt;&gt;</a>&nbsp;&nbsp;&nbsp;sys_ION_ON_OFF
</UL>

<P><STRONG><a name="[29]"></a>sys_Main_Timer_Handler</STRONG> (Thumb, 424 bytes, Stack size 32 bytes, sys_interrupt.o(i.sys_Main_Timer_Handler))
<BR><BR>[Stack]<UL><LI>Max Depth = 296<LI>Call Chain = sys_Main_Timer_Handler &rArr; sys_Sensor_Init &rArr; sys_BME280_init &rArr; bme280_get_calib_param &rArr; sys_printf &rArr; vsprintf
</UL>
<BR>[Calls]<UL><LI><a href="#[c1]">&gt;&gt;</a>&nbsp;&nbsp;&nbsp;nrf_gpio_pin_set
<LI><a href="#[c5]">&gt;&gt;</a>&nbsp;&nbsp;&nbsp;nrf_gpio_pin_read
<LI><a href="#[c2]">&gt;&gt;</a>&nbsp;&nbsp;&nbsp;nrf_gpio_pin_clear
<LI><a href="#[c4]">&gt;&gt;</a>&nbsp;&nbsp;&nbsp;sys_Sensor_Value_Init
<LI><a href="#[c3]">&gt;&gt;</a>&nbsp;&nbsp;&nbsp;sys_Sensor_Init
<LI><a href="#[4d]">&gt;&gt;</a>&nbsp;&nbsp;&nbsp;sys_printf
<LI><a href="#[a0]">&gt;&gt;</a>&nbsp;&nbsp;&nbsp;sys_GetBatteryInfo
<LI><a href="#[a1]">&gt;&gt;</a>&nbsp;&nbsp;&nbsp;sys_Battey_manager
<LI><a href="#[49]">&gt;&gt;</a>&nbsp;&nbsp;&nbsp;Dust_Sensor_Process
<LI><a href="#[bd]">&gt;&gt;</a>&nbsp;&nbsp;&nbsp;sys_Ion_on_off
<LI><a href="#[a7]">&gt;&gt;</a>&nbsp;&nbsp;&nbsp;sys_Ble_Tx_Handler_Stop
<LI><a href="#[a6]">&gt;&gt;</a>&nbsp;&nbsp;&nbsp;sys_Ble_Tx_Handler_Start
</UL>
<BR>[Address Reference Count : 1]<UL><LI> main.o(i.sys_Timer_Handler_Init)
</UL>
<P><STRONG><a name="[c6]"></a>sys_STC3115_Init</STRONG> (Thumb, 48 bytes, Stack size 16 bytes, sys_gas_battery.o(i.sys_STC3115_Init))
<BR><BR>[Stack]<UL><LI>Max Depth = 192<LI>Call Chain = sys_STC3115_Init &rArr; sys_printf &rArr; vsprintf
</UL>
<BR>[Calls]<UL><LI><a href="#[4d]">&gt;&gt;</a>&nbsp;&nbsp;&nbsp;sys_printf
<LI><a href="#[c7]">&gt;&gt;</a>&nbsp;&nbsp;&nbsp;sys_SetSTC3115_Mode
<LI><a href="#[b3]">&gt;&gt;</a>&nbsp;&nbsp;&nbsp;sys_GetSTC3115_ID
</UL>
<BR>[Called By]<UL><LI><a href="#[c3]">&gt;&gt;</a>&nbsp;&nbsp;&nbsp;sys_Sensor_Init
</UL>

<P><STRONG><a name="[c3]"></a>sys_Sensor_Init</STRONG> (Thumb, 12 bytes, Stack size 8 bytes, sys_initialize.o(i.sys_Sensor_Init))
<BR><BR>[Stack]<UL><LI>Max Depth = 264<LI>Call Chain = sys_Sensor_Init &rArr; sys_BME280_init &rArr; bme280_get_calib_param &rArr; sys_printf &rArr; vsprintf
</UL>
<BR>[Calls]<UL><LI><a href="#[c6]">&gt;&gt;</a>&nbsp;&nbsp;&nbsp;sys_STC3115_Init
<LI><a href="#[9c]">&gt;&gt;</a>&nbsp;&nbsp;&nbsp;sys_BME280_init
</UL>
<BR>[Called By]<UL><LI><a href="#[29]">&gt;&gt;</a>&nbsp;&nbsp;&nbsp;sys_Main_Timer_Handler
</UL>

<P><STRONG><a name="[c4]"></a>sys_Sensor_Value_Init</STRONG> (Thumb, 20 bytes, Stack size 0 bytes, sys_initialize.o(i.sys_Sensor_Value_Init))
<BR><BR>[Called By]<UL><LI><a href="#[29]">&gt;&gt;</a>&nbsp;&nbsp;&nbsp;sys_Main_Timer_Handler
</UL>

<P><STRONG><a name="[c7]"></a>sys_SetSTC3115_Mode</STRONG> (Thumb, 26 bytes, Stack size 8 bytes, sys_gas_battery.o(i.sys_SetSTC3115_Mode))
<BR><BR>[Stack]<UL><LI>Max Depth = 80<LI>Call Chain = sys_SetSTC3115_Mode &rArr; twi_master_transfer &rArr; twi_master_clear_bus
</UL>
<BR>[Calls]<UL><LI><a href="#[87]">&gt;&gt;</a>&nbsp;&nbsp;&nbsp;twi_master_transfer
</UL>
<BR>[Called By]<UL><LI><a href="#[c6]">&gt;&gt;</a>&nbsp;&nbsp;&nbsp;sys_STC3115_Init
</UL>

<P><STRONG><a name="[c8]"></a>sys_Temp_Humi_Press</STRONG> (Thumb, 102 bytes, Stack size 24 bytes, sys_ble_process.o(i.sys_Temp_Humi_Press))
<BR><BR>[Stack]<UL><LI>Max Depth = 280<LI>Call Chain = sys_Temp_Humi_Press &rArr; sys_GetBME280_Force_Temp_Press_Hudi &rArr; bme280_compensate_pressure_int32 &rArr; sys_printf &rArr; vsprintf
</UL>
<BR>[Calls]<UL><LI><a href="#[5c]">&gt;&gt;</a>&nbsp;&nbsp;&nbsp;ble_nus_send_string
<LI><a href="#[b1]">&gt;&gt;</a>&nbsp;&nbsp;&nbsp;sys_GetBME280_Force_Temp_Press_Hudi
<LI><a href="#[97]">&gt;&gt;</a>&nbsp;&nbsp;&nbsp;GetCheckSum_Sum_Carry
</UL>
<BR>[Called By]<UL><LI><a href="#[a5]">&gt;&gt;</a>&nbsp;&nbsp;&nbsp;sys_ble_process
</UL>

<P><STRONG><a name="[c9]"></a>sys_Time_Get</STRONG> (Thumb, 74 bytes, Stack size 16 bytes, sys_ble_process.o(i.sys_Time_Get))
<BR><BR>[Stack]<UL><LI>Max Depth = 192<LI>Call Chain = sys_Time_Get &rArr; sys_printf &rArr; vsprintf
</UL>
<BR>[Calls]<UL><LI><a href="#[4d]">&gt;&gt;</a>&nbsp;&nbsp;&nbsp;sys_printf
<LI><a href="#[5c]">&gt;&gt;</a>&nbsp;&nbsp;&nbsp;ble_nus_send_string
<LI><a href="#[97]">&gt;&gt;</a>&nbsp;&nbsp;&nbsp;GetCheckSum_Sum_Carry
</UL>
<BR>[Called By]<UL><LI><a href="#[a5]">&gt;&gt;</a>&nbsp;&nbsp;&nbsp;sys_ble_process
</UL>

<P><STRONG><a name="[ca]"></a>sys_Time_Set</STRONG> (Thumb, 56 bytes, Stack size 8 bytes, sys_ble_process.o(i.sys_Time_Set))
<BR><BR>[Stack]<UL><LI>Max Depth = 184<LI>Call Chain = sys_Time_Set &rArr; sys_printf &rArr; vsprintf
</UL>
<BR>[Calls]<UL><LI><a href="#[4d]">&gt;&gt;</a>&nbsp;&nbsp;&nbsp;sys_printf
<LI><a href="#[5c]">&gt;&gt;</a>&nbsp;&nbsp;&nbsp;ble_nus_send_string
<LI><a href="#[97]">&gt;&gt;</a>&nbsp;&nbsp;&nbsp;GetCheckSum_Sum_Carry
</UL>
<BR>[Called By]<UL><LI><a href="#[a5]">&gt;&gt;</a>&nbsp;&nbsp;&nbsp;sys_ble_process
</UL>

<P><STRONG><a name="[91]"></a>sys_Timer_Handler_Init</STRONG> (Thumb, 74 bytes, Stack size 8 bytes, main.o(i.sys_Timer_Handler_Init))
<BR><BR>[Stack]<UL><LI>Max Depth = 24<LI>Call Chain = sys_Timer_Handler_Init &rArr; app_timer_create
</UL>
<BR>[Calls]<UL><LI><a href="#[7b]">&gt;&gt;</a>&nbsp;&nbsp;&nbsp;app_timer_create
<LI><a href="#[58]">&gt;&gt;</a>&nbsp;&nbsp;&nbsp;app_error_handler
</UL>
<BR>[Called By]<UL><LI><a href="#[1f]">&gt;&gt;</a>&nbsp;&nbsp;&nbsp;main
</UL>

[...]
Local Symbols
</H3>
<P><STRONG><a name="[81]"></a>rx_char_add</STRONG> (Thumb, 158 bytes, Stack size 80 bytes, ble_nus.o(i.rx_char_add))
<BR><BR>[Stack]<UL><LI>Max Depth = 80<LI>Call Chain = rx_char_add
</UL>
<BR>[Calls]<UL><LI><a href="#[6d]">&gt;&gt;</a>&nbsp;&nbsp;&nbsp;__aeabi_memclr4
</UL>
<BR>[Called By]<UL><LI><a href="#[80]">&gt;&gt;</a>&nbsp;&nbsp;&nbsp;ble_nus_init
</UL>

<P><STRONG><a name="[82]"></a>tx_char_add</STRONG> (Thumb, 128 bytes, Stack size 72 bytes, ble_nus.o(i.tx_char_add))
<BR><BR>[Stack]<UL><LI>Max Depth = 72<LI>Call Chain = tx_char_add
</UL>
<BR>[Calls]<UL><LI><a href="#[6d]">&gt;&gt;</a>&nbsp;&nbsp;&nbsp;__aeabi_memclr4
</UL>
<BR>[Called By]<UL><LI><a href="#[80]">&gt;&gt;</a>&nbsp;&nbsp;&nbsp;ble_nus_init
</UL>

<P><STRONG><a name="[24]"></a>ble_evt_dispatch</STRONG> (Thumb, 24 bytes, Stack size 8 bytes, main.o(i.ble_evt_dispatch))
<BR><BR>[Stack]<UL><LI>Max Depth = 120<LI>Call Chain = ble_evt_dispatch &rArr; on_ble_evt &rArr; advertising_start &rArr; bsp_indication_set &rArr; bsp_led_indication &rArr; app_timer_start
</UL>
<BR>[Calls]<UL><LI><a href="#[7c]">&gt;&gt;</a>&nbsp;&nbsp;&nbsp;ble_conn_params_on_ble_evt
<LI><a href="#[7f]">&gt;&gt;</a>&nbsp;&nbsp;&nbsp;on_ble_evt
<LI><a href="#[7e]">&gt;&gt;</a>&nbsp;&nbsp;&nbsp;ble_nus_on_ble_evt
</UL>
<BR>[Address Reference Count : 1]<UL><LI> main.o(i.main)
</UL>
<P><STRONG><a name="[27]"></a>conn_params_error_handler</STRONG> (Thumb, 12 bytes, Stack size 8 bytes, main.o(i.conn_params_error_handler))
<BR><BR>[Stack]<UL><LI>Max Depth = 8<LI>Call Chain = conn_params_error_handler
</UL>
<BR>[Calls]<UL><LI><a href="#[58]">&gt;&gt;</a>&nbsp;&nbsp;&nbsp;app_error_handler
</UL>
<BR>[Address Reference Count : 1]<UL><LI> main.o(i.main)
</UL>
<P><STRONG><a name="[8b]"></a>gap_params_init</STRONG> (Thumb, 70 bytes, Stack size 16 bytes, main.o(i.gap_params_init))
<BR><BR>[Stack]<UL><LI>Max Depth = 16<LI>Call Chain = gap_params_init
</UL>
<BR>[Calls]<UL><LI><a href="#[58]">&gt;&gt;</a>&nbsp;&nbsp;&nbsp;app_error_handler
</UL>
<BR>[Called By]<UL><LI><a href="#[1f]">&gt;&gt;</a>&nbsp;&nbsp;&nbsp;main
</UL>

<P><STRONG><a name="[7f]"></a>on_ble_evt</STRONG> (Thumb, 206 bytes, Stack size 16 bytes, main.o(i.on_ble_evt))
<BR><BR>[Stack]<UL><LI>Max Depth = 112<LI>Call Chain = on_ble_evt &rArr; advertising_start &rArr; bsp_indication_set &rArr; bsp_led_indication &rArr; app_timer_start
</UL>
<BR>[Calls]<UL><LI><a href="#[6e]">&gt;&gt;</a>&nbsp;&nbsp;&nbsp;bsp_indication_set
<LI><a href="#[95]">&gt;&gt;</a>&nbsp;&nbsp;&nbsp;bsp_buttons_enable
<LI><a href="#[58]">&gt;&gt;</a>&nbsp;&nbsp;&nbsp;app_error_handler
<LI><a href="#[6c]">&gt;&gt;</a>&nbsp;&nbsp;&nbsp;advertising_start
<LI><a href="#[67]">&gt;&gt;</a>&nbsp;&nbsp;&nbsp;__aeabi_memcpy
</UL>
<BR>[Called By]<UL><LI><a href="#[24]">&gt;&gt;</a>&nbsp;&nbsp;&nbsp;ble_evt_dispatch
</UL>

<P><STRONG><a name="[26]"></a>on_conn_params_evt</STRONG> (Thumb, 30 bytes, Stack size 8 bytes, main.o(i.on_conn_params_evt))
<BR><BR>[Stack]<UL><LI>Max Depth = 8<LI>Call Chain = on_conn_params_evt
</UL>
<BR>[Calls]<UL><LI><a href="#[58]">&gt;&gt;</a>&nbsp;&nbsp;&nbsp;app_error_handler
</UL>
<BR>[Address Reference Count : 1]<UL><LI> main.o(i.main)
</UL>
<P><STRONG><a name="[92]"></a>sec_params_init</STRONG> (Thumb, 34 bytes, Stack size 0 bytes, main.o(i.sec_params_init))
<BR><BR>[Called By]<UL><LI><a href="#[1f]">&gt;&gt;</a>&nbsp;&nbsp;&nbsp;main
</UL>

<P><STRONG><a name="[cf]"></a>twi_master_clear_bus</STRONG> (Thumb, 118 bytes, Stack size 32 bytes, sys_i2c_driver.o(i.twi_master_clear_bus))
<BR><BR>[Stack]<UL><LI>Max Depth = 32<LI>Call Chain = twi_master_clear_bus
</UL>
<BR>[Calls]<UL><LI><a href="#[2f]">&gt;&gt;</a>&nbsp;&nbsp;&nbsp;__asm___16_sys_i2c_driver_c_47448f17__nrf_delay_us
</UL>
<BR>[Called By]<UL><LI><a href="#[87]">&gt;&gt;</a>&nbsp;&nbsp;&nbsp;twi_master_transfer
<LI><a href="#[c0]">&gt;&gt;</a>&nbsp;&nbsp;&nbsp;twi_master_init
</UL>

<P><STRONG><a name="[d0]"></a>twi_master_read</STRONG> (Thumb, 80 bytes, Stack size 20 bytes, sys_i2c_driver.o(i.twi_master_read))
<BR><BR>[Stack]<UL><LI>Max Depth = 20<LI>Call Chain = twi_master_read
</UL>
<BR>[Called By]<UL><LI><a href="#[87]">&gt;&gt;</a>&nbsp;&nbsp;&nbsp;twi_master_transfer
</UL>

<P><STRONG><a name="[d1]"></a>twi_master_write</STRONG> (Thumb, 104 bytes, Stack size 20 bytes, sys_i2c_driver.o(i.twi_master_write))
<BR><BR>[Stack]<UL><LI>Max Depth = 20<LI>Call Chain = twi_master_write
</UL>
<BR>[Called By]<UL><LI><a href="#[87]">&gt;&gt;</a>&nbsp;&nbsp;&nbsp;twi_master_transfer
</UL>

<P><STRONG><a name="[ba]"></a>nrf_gpio_pin_set</STRONG> (Thumb, 10 bytes, Stack size 0 bytes, sys_initialize.o(i.nrf_gpio_pin_set))
<BR><BR>[Called By]<UL><LI><a href="#[b9]">&gt;&gt;</a>&nbsp;&nbsp;&nbsp;sys_Gpio_init
</UL>

<P><STRONG><a name="[b9]"></a>sys_Gpio_init</STRONG> (Thumb, 192 bytes, Stack size 8 bytes, sys_initialize.o(i.sys_Gpio_init))
<BR><BR>[Stack]<UL><LI>Max Depth = 8<LI>Call Chain = sys_Gpio_init
</UL>
<BR>[Calls]<UL><LI><a href="#[ba]">&gt;&gt;</a>&nbsp;&nbsp;&nbsp;nrf_gpio_pin_set
</UL>
<BR>[Called By]<UL><LI><a href="#[90]">&gt;&gt;</a>&nbsp;&nbsp;&nbsp;sys_Initialize
</UL>

<P><STRONG><a name="[be]"></a>sys_Uart_init</STRONG> (Thumb, 48 bytes, Stack size 8 bytes, sys_initialize.o(i.sys_Uart_init))
<BR><BR>[Stack]<UL><LI>Max Depth = 28<LI>Call Chain = sys_Uart_init &rArr; simple_uart_config
</UL>
<BR>[Calls]<UL><LI><a href="#[cd]">&gt;&gt;</a>&nbsp;&nbsp;&nbsp;simple_uart_config
</UL>
<BR>[Called By]<UL><LI><a href="#[90]">&gt;&gt;</a>&nbsp;&nbsp;&nbsp;sys_Initialize
</UL>

<P><STRONG><a name="[c2]"></a>nrf_gpio_pin_clear</STRONG> (Thumb, 10 bytes, Stack size 0 bytes, sys_interrupt.o(i.nrf_gpio_pin_clear))
<BR><BR>[Called By]<UL><LI><a href="#[29]">&gt;&gt;</a>&nbsp;&nbsp;&nbsp;sys_Main_Timer_Handler
<LI><a href="#[bd]">&gt;&gt;</a>&nbsp;&nbsp;&nbsp;sys_Ion_on_off
</UL>

<P><STRONG><a name="[c5]"></a>nrf_gpio_pin_read</STRONG> (Thumb, 12 bytes, Stack size 0 bytes, sys_interrupt.o(i.nrf_gpio_pin_read))
<BR><BR>[Called By]<UL><LI><a href="#[29]">&gt;&gt;</a>&nbsp;&nbsp;&nbsp;sys_Main_Timer_Handler
</UL>

<P><STRONG><a name="[c1]"></a>nrf_gpio_pin_set</STRONG> (Thumb, 10 bytes, Stack size 0 bytes, sys_interrupt.o(i.nrf_gpio_pin_set))
<BR><BR>[Called By]<UL><LI><a href="#[29]">&gt;&gt;</a>&nbsp;&nbsp;&nbsp;sys_Main_Timer_Handler
<LI><a href="#[bd]">&gt;&gt;</a>&nbsp;&nbsp;&nbsp;sys_Ion_on_off
</UL>

<P><STRONG><a name="[a3]"></a>nrf_gpio_pin_clear</STRONG> (Thumb, 10 bytes, Stack size 0 bytes, sys_gas_battery.o(i.nrf_gpio_pin_clear))
<BR><BR>[Called By]<UL><LI><a href="#[a1]">&gt;&gt;</a>&nbsp;&nbsp;&nbsp;sys_Battey_manager
</UL>

<P><STRONG><a name="[a2]"></a>nrf_gpio_pin_toggle</STRONG> (Thumb, 24 bytes, Stack size 0 bytes, sys_gas_battery.o(i.nrf_gpio_pin_toggle))
<BR><BR>[Called By]<UL><LI><a href="#[a1]">&gt;&gt;</a>&nbsp;&nbsp;&nbsp;sys_Battey_manager
</UL>

<P><STRONG><a name="[4f]"></a>nrf_gpio_pin_clear</STRONG> (Thumb, 10 bytes, Stack size 0 bytes, sys_dust_sensor.o(i.nrf_gpio_pin_clear))
<BR><BR>[Called By]<UL><LI><a href="#[4a]">&gt;&gt;</a>&nbsp;&nbsp;&nbsp;sys_GetDustSensorValue
<LI><a href="#[49]">&gt;&gt;</a>&nbsp;&nbsp;&nbsp;Dust_Sensor_Process
</UL>

<P><STRONG><a name="[50]"></a>nrf_gpio_pin_set</STRONG> (Thumb, 10 bytes, Stack size 0 bytes, sys_dust_sensor.o(i.nrf_gpio_pin_set))
<BR><BR>[Called By]<UL><LI><a href="#[4a]">&gt;&gt;</a>&nbsp;&nbsp;&nbsp;sys_GetDustSensorValue
<LI><a href="#[49]">&gt;&gt;</a>&nbsp;&nbsp;&nbsp;Dust_Sensor_Process
</UL>

<P><STRONG><a name="[2c]"></a>bsp_button_event_handler</STRONG> (Thumb, 54 bytes, Stack size 8 bytes, bsp.o(i.bsp_button_event_handler))
<BR><BR>[Stack]<UL><LI>Max Depth = 8<LI>Call Chain = bsp_button_event_handler
</UL>
<BR>[Address Reference Count : 1]<UL><LI> bsp.o(.constdata)
</UL>
<P><STRONG><a name="[88]"></a>bsp_led_indication</STRONG> (Thumb, 436 bytes, Stack size 32 bytes, bsp.o(i.bsp_led_indication))
<BR><BR>[Stack]<UL><LI>Max Depth = 64<LI>Call Chain = bsp_led_indication &rArr; app_timer_start
</UL>
<BR>[Calls]<UL><LI><a href="#[73]">&gt;&gt;</a>&nbsp;&nbsp;&nbsp;app_timer_start
<LI><a href="#[89]">&gt;&gt;</a>&nbsp;&nbsp;&nbsp;__ARM_common_switch8
<LI><a href="#[77]">&gt;&gt;</a>&nbsp;&nbsp;&nbsp;app_timer_stop
<LI><a href="#[63]">&gt;&gt;</a>&nbsp;&nbsp;&nbsp;__aeabi_uidivmod
</UL>
<BR>[Called By]<UL><LI><a href="#[6e]">&gt;&gt;</a>&nbsp;&nbsp;&nbsp;bsp_indication_set
</UL>

<P><STRONG><a name="[5a]"></a>is_manual_peripheral_setup_needed</STRONG> (Thumb, 66 bytes, Stack size 0 bytes, system_nrf51.o(i.is_manual_peripheral_setup_needed))
<BR><BR>[Called By]<UL><LI><a href="#[20]">&gt;&gt;</a>&nbsp;&nbsp;&nbsp;SystemInit
</UL>

<P><STRONG><a name="[64]"></a>adv_data_encode</STRONG> (Thumb, 360 bytes, Stack size 40 bytes, ble_advdata.o(i.adv_data_encode))
<BR><BR>[Stack]<UL><LI>Max Depth = 112<LI>Call Chain = adv_data_encode &rArr; uuid_list_encode &rArr; uuid_list_sized_encode
</UL>
<BR>[Calls]<UL><LI><a href="#[67]">&gt;&gt;</a>&nbsp;&nbsp;&nbsp;__aeabi_memcpy
<LI><a href="#[68]">&gt;&gt;</a>&nbsp;&nbsp;&nbsp;uuid_list_encode
<LI><a href="#[66]">&gt;&gt;</a>&nbsp;&nbsp;&nbsp;uint16_encode
<LI><a href="#[6b]">&gt;&gt;</a>&nbsp;&nbsp;&nbsp;service_data_encode
<LI><a href="#[65]">&gt;&gt;</a>&nbsp;&nbsp;&nbsp;name_encode
<LI><a href="#[6a]">&gt;&gt;</a>&nbsp;&nbsp;&nbsp;manuf_specific_data_encode
<LI><a href="#[69]">&gt;&gt;</a>&nbsp;&nbsp;&nbsp;conn_int_encode
</UL>
<BR>[Called By]<UL><LI><a href="#[78]">&gt;&gt;</a>&nbsp;&nbsp;&nbsp;ble_advdata_set
</UL>

<P><STRONG><a name="[69]"></a>conn_int_encode</STRONG> (Thumb, 126 bytes, Stack size 24 bytes, ble_advdata.o(i.conn_int_encode))
<BR><BR>[Stack]<UL><LI>Max Depth = 24<LI>Call Chain = conn_int_encode
</UL>
<BR>[Calls]<UL><LI><a href="#[66]">&gt;&gt;</a>&nbsp;&nbsp;&nbsp;uint16_encode
</UL>
<BR>[Called By]<UL><LI><a href="#[64]">&gt;&gt;</a>&nbsp;&nbsp;&nbsp;adv_data_encode
</UL>

<P><STRONG><a name="[6a]"></a>manuf_specific_data_encode</STRONG> (Thumb, 100 bytes, Stack size 16 bytes, ble_advdata.o(i.manuf_specific_data_encode))
<BR><BR>[Stack]<UL><LI>Max Depth = 16<LI>Call Chain = manuf_specific_data_encode
</UL>
<BR>[Calls]<UL><LI><a href="#[67]">&gt;&gt;</a>&nbsp;&nbsp;&nbsp;__aeabi_memcpy
<LI><a href="#[66]">&gt;&gt;</a>&nbsp;&nbsp;&nbsp;uint16_encode
</UL>
<BR>[Called By]<UL><LI><a href="#[64]">&gt;&gt;</a>&nbsp;&nbsp;&nbsp;adv_data_encode
</UL>

<P><STRONG><a name="[65]"></a>name_encode</STRONG> (Thumb, 106 bytes, Stack size 24 bytes, ble_advdata.o(i.name_encode))
<BR><BR>[Stack]<UL><LI>Max Depth = 24<LI>Call Chain = name_encode
</UL>
<BR>[Called By]<UL><LI><a href="#[64]">&gt;&gt;</a>&nbsp;&nbsp;&nbsp;adv_data_encode
</UL>

<P><STRONG><a name="[6b]"></a>service_data_encode</STRONG> (Thumb, 124 bytes, Stack size 40 bytes, ble_advdata.o(i.service_data_encode))
<BR><BR>[Stack]<UL><LI>Max Depth = 40<LI>Call Chain = service_data_encode
</UL>
<BR>[Calls]<UL><LI><a href="#[67]">&gt;&gt;</a>&nbsp;&nbsp;&nbsp;__aeabi_memcpy
<LI><a href="#[66]">&gt;&gt;</a>&nbsp;&nbsp;&nbsp;uint16_encode
</UL>
<BR>[Called By]<UL><LI><a href="#[64]">&gt;&gt;</a>&nbsp;&nbsp;&nbsp;adv_data_encode
</UL>

<P><STRONG><a name="[66]"></a>uint16_encode</STRONG> (Thumb, 10 bytes, Stack size 0 bytes, ble_advdata.o(i.uint16_encode))
<BR><BR>[Called By]<UL><LI><a href="#[6b]">&gt;&gt;</a>&nbsp;&nbsp;&nbsp;service_data_encode
<LI><a href="#[6a]">&gt;&gt;</a>&nbsp;&nbsp;&nbsp;manuf_specific_data_encode
<LI><a href="#[69]">&gt;&gt;</a>&nbsp;&nbsp;&nbsp;conn_int_encode
<LI><a href="#[64]">&gt;&gt;</a>&nbsp;&nbsp;&nbsp;adv_data_encode
</UL>

<P><STRONG><a name="[68]"></a>uuid_list_encode</STRONG> (Thumb, 38 bytes, Stack size 24 bytes, ble_advdata.o(i.uuid_list_encode))
<BR><BR>[Stack]<UL><LI>Max Depth = 72<LI>Call Chain = uuid_list_encode &rArr; uuid_list_sized_encode
</UL>
<BR>[Calls]<UL><LI><a href="#[d2]">&gt;&gt;</a>&nbsp;&nbsp;&nbsp;uuid_list_sized_encode
</UL>
<BR>[Called By]<UL><LI><a href="#[64]">&gt;&gt;</a>&nbsp;&nbsp;&nbsp;adv_data_encode
</UL>

<P><STRONG><a name="[d2]"></a>uuid_list_sized_encode</STRONG> (Thumb, 162 bytes, Stack size 48 bytes, ble_advdata.o(i.uuid_list_sized_encode))
<BR><BR>[Stack]<UL><LI>Max Depth = 48<LI>Call Chain = uuid_list_sized_encode
</UL>
<BR>[Called By]<UL><LI><a href="#[68]">&gt;&gt;</a>&nbsp;&nbsp;&nbsp;uuid_list_encode
</UL>

<P><STRONG><a name="[7d]"></a>conn_params_negotiation</STRONG> (Thumb, 90 bytes, Stack size 24 bytes, ble_conn_params.o(i.conn_params_negotiation))
<BR><BR>[Stack]<UL><LI>Max Depth = 56<LI>Call Chain = conn_params_negotiation &rArr; app_timer_start
</UL>
<BR>[Calls]<UL><LI><a href="#[73]">&gt;&gt;</a>&nbsp;&nbsp;&nbsp;app_timer_start
<LI><a href="#[8a]">&gt;&gt;</a>&nbsp;&nbsp;&nbsp;is_conn_params_ok
</UL>
<BR>[Called By]<UL><LI><a href="#[7c]">&gt;&gt;</a>&nbsp;&nbsp;&nbsp;ble_conn_params_on_ble_evt
</UL>

<P><STRONG><a name="[8a]"></a>is_conn_params_ok</STRONG> (Thumb, 24 bytes, Stack size 0 bytes, ble_conn_params.o(i.is_conn_params_ok))
<BR><BR>[Called By]<UL><LI><a href="#[7d]">&gt;&gt;</a>&nbsp;&nbsp;&nbsp;conn_params_negotiation
</UL>

<P><STRONG><a name="[23]"></a>update_timeout_handler</STRONG> (Thumb, 86 bytes, Stack size 16 bytes, ble_conn_params.o(i.update_timeout_handler))
<BR><BR>[Stack]<UL><LI>Max Depth = 16<LI>Call Chain = update_timeout_handler
</UL>
<BR>[Address Reference Count : 1]<UL><LI> ble_conn_params.o(i.ble_conn_params_init)
</UL>
<P><STRONG><a name="[72]"></a>NVIC_SetPriority</STRONG> (Thumb, 60 bytes, Stack size 0 bytes, app_timer.o(i.NVIC_SetPriority))
<BR><BR>[Called By]<UL><LI><a href="#[70]">&gt;&gt;</a>&nbsp;&nbsp;&nbsp;app_timer_init
</UL>

<P><STRONG><a name="[57]"></a>compare_reg_update</STRONG> (Thumb, 140 bytes, Stack size 24 bytes, app_timer.o(i.compare_reg_update))
<BR><BR>[Stack]<UL><LI>Max Depth = 40<LI>Call Chain = compare_reg_update &rArr; rtc1_stop
</UL>
<BR>[Calls]<UL><LI><a href="#[32]">&gt;&gt;</a>&nbsp;&nbsp;&nbsp;__asm___11_app_timer_c_cd27f9c3__nrf_delay_us
<LI><a href="#[71]">&gt;&gt;</a>&nbsp;&nbsp;&nbsp;rtc1_stop
</UL>
<BR>[Called By]<UL><LI><a href="#[19]">&gt;&gt;</a>&nbsp;&nbsp;&nbsp;SWI0_IRQHandler
</UL>

<P><STRONG><a name="[53]"></a>elapsed_ticks_acquire</STRONG> (Thumb, 58 bytes, Stack size 8 bytes, app_timer.o(i.elapsed_ticks_acquire))
<BR><BR>[Stack]<UL><LI>Max Depth = 8<LI>Call Chain = elapsed_ticks_acquire
</UL>
<BR>[Called By]<UL><LI><a href="#[19]">&gt;&gt;</a>&nbsp;&nbsp;&nbsp;SWI0_IRQHandler
</UL>

<P><STRONG><a name="[55]"></a>expired_timers_handler</STRONG> (Thumb, 82 bytes, Stack size 32 bytes, app_timer.o(i.expired_timers_handler))
<BR><BR>[Stack]<UL><LI>Max Depth = 32<LI>Call Chain = expired_timers_handler
</UL>
<BR>[Called By]<UL><LI><a href="#[19]">&gt;&gt;</a>&nbsp;&nbsp;&nbsp;SWI0_IRQHandler
</UL>

<P><STRONG><a name="[54]"></a>list_deletions_handler</STRONG> (Thumb, 144 bytes, Stack size 24 bytes, app_timer.o(i.list_deletions_handler))
<BR><BR>[Stack]<UL><LI>Max Depth = 40<LI>Call Chain = list_deletions_handler &rArr; timer_list_remove
</UL>
<BR>[Calls]<UL><LI><a href="#[8c]">&gt;&gt;</a>&nbsp;&nbsp;&nbsp;timer_list_remove
</UL>
<BR>[Called By]<UL><LI><a href="#[19]">&gt;&gt;</a>&nbsp;&nbsp;&nbsp;SWI0_IRQHandler
</UL>

<P><STRONG><a name="[56]"></a>list_insertions_handler</STRONG> (Thumb, 230 bytes, Stack size 24 bytes, app_timer.o(i.list_insertions_handler))
<BR><BR>[Stack]<UL><LI>Max Depth = 44<LI>Call Chain = list_insertions_handler &rArr; timer_list_insert
</UL>
<BR>[Calls]<UL><LI><a href="#[8d]">&gt;&gt;</a>&nbsp;&nbsp;&nbsp;timer_list_insert
</UL>
<BR>[Called By]<UL><LI><a href="#[19]">&gt;&gt;</a>&nbsp;&nbsp;&nbsp;SWI0_IRQHandler
</UL>

<P><STRONG><a name="[71]"></a>rtc1_stop</STRONG> (Thumb, 50 bytes, Stack size 16 bytes, app_timer.o(i.rtc1_stop))
<BR><BR>[Stack]<UL><LI>Max Depth = 16<LI>Call Chain = rtc1_stop
</UL>
<BR>[Calls]<UL><LI><a href="#[32]">&gt;&gt;</a>&nbsp;&nbsp;&nbsp;__asm___11_app_timer_c_cd27f9c3__nrf_delay_us
</UL>
<BR>[Called By]<UL><LI><a href="#[70]">&gt;&gt;</a>&nbsp;&nbsp;&nbsp;app_timer_init
<LI><a href="#[57]">&gt;&gt;</a>&nbsp;&nbsp;&nbsp;compare_reg_update
</UL>

<P><STRONG><a name="[76]"></a>timer_list_handler_sched</STRONG> (Thumb, 10 bytes, Stack size 0 bytes, app_timer.o(i.timer_list_handler_sched))
<BR><BR>[Called By]<UL><LI><a href="#[73]">&gt;&gt;</a>&nbsp;&nbsp;&nbsp;app_timer_start
<LI><a href="#[77]">&gt;&gt;</a>&nbsp;&nbsp;&nbsp;app_timer_stop
<LI><a href="#[52]">&gt;&gt;</a>&nbsp;&nbsp;&nbsp;timer_timeouts_check
</UL>

<P><STRONG><a name="[8d]"></a>timer_list_insert</STRONG> (Thumb, 94 bytes, Stack size 20 bytes, app_timer.o(i.timer_list_insert))
<BR><BR>[Stack]<UL><LI>Max Depth = 20<LI>Call Chain = timer_list_insert
</UL>
<BR>[Called By]<UL><LI><a href="#[56]">&gt;&gt;</a>&nbsp;&nbsp;&nbsp;list_insertions_handler
</UL>

<P><STRONG><a name="[8c]"></a>timer_list_remove</STRONG> (Thumb, 104 bytes, Stack size 16 bytes, app_timer.o(i.timer_list_remove))
<BR><BR>[Stack]<UL><LI>Max Depth = 16<LI>Call Chain = timer_list_remove
</UL>
<BR>[Called By]<UL><LI><a href="#[54]">&gt;&gt;</a>&nbsp;&nbsp;&nbsp;list_deletions_handler
</UL>

<P><STRONG><a name="[52]"></a>timer_timeouts_check</STRONG> (Thumb, 120 bytes, Stack size 24 bytes, app_timer.o(i.timer_timeouts_check))
<BR><BR>[Stack]<UL><LI>Max Depth = 24<LI>Call Chain = timer_timeouts_check
</UL>
<BR>[Calls]<UL><LI><a href="#[58]">&gt;&gt;</a>&nbsp;&nbsp;&nbsp;app_error_handler
<LI><a href="#[76]">&gt;&gt;</a>&nbsp;&nbsp;&nbsp;timer_list_handler_sched
</UL>
<BR>[Called By]<UL><LI><a href="#[16]">&gt;&gt;</a>&nbsp;&nbsp;&nbsp;RTC1_IRQHandler
</UL>

<P><STRONG><a name="[74]"></a>user_id_get</STRONG> (Thumb, 74 bytes, Stack size 0 bytes, app_timer.o(i.user_id_get))
<BR><BR>[Called By]<UL><LI><a href="#[73]">&gt;&gt;</a>&nbsp;&nbsp;&nbsp;app_timer_start
<LI><a href="#[77]">&gt;&gt;</a>&nbsp;&nbsp;&nbsp;app_timer_stop
</UL>

<P><STRONG><a name="[75]"></a>user_op_alloc</STRONG> (Thumb, 36 bytes, Stack size 0 bytes, app_timer.o(i.user_op_alloc))
<BR><BR>[Called By]<UL><LI><a href="#[73]">&gt;&gt;</a>&nbsp;&nbsp;&nbsp;app_timer_start
<LI><a href="#[77]">&gt;&gt;</a>&nbsp;&nbsp;&nbsp;app_timer_stop
</UL>

<P><STRONG><a name="[5f]"></a>_fp_digits</STRONG> (Thumb, 316 bytes, Stack size 56 bytes, printfa.o(i._fp_digits), UNUSED)
<BR><BR>[Calls]<UL><LI><a href="#[3d]">&gt;&gt;</a>&nbsp;&nbsp;&nbsp;__aeabi_dmul
<LI><a href="#[43]">&gt;&gt;</a>&nbsp;&nbsp;&nbsp;__aeabi_uldivmod
<LI><a href="#[46]">&gt;&gt;</a>&nbsp;&nbsp;&nbsp;__aeabi_ddiv
<LI><a href="#[36]">&gt;&gt;</a>&nbsp;&nbsp;&nbsp;__aeabi_dadd
<LI><a href="#[47]">&gt;&gt;</a>&nbsp;&nbsp;&nbsp;__aeabi_d2ulz
<LI><a href="#[60]">&gt;&gt;</a>&nbsp;&nbsp;&nbsp;__aeabi_cdrcmple
</UL>
<BR>[Called By]<UL><LI><a href="#[5e]">&gt;&gt;</a>&nbsp;&nbsp;&nbsp;_printf_core
</UL>

<P><STRONG><a name="[5e]"></a>_printf_core</STRONG> (Thumb, 1754 bytes, Stack size 128 bytes, printfa.o(i._printf_core), UNUSED)
<BR><BR>[Calls]<UL><LI><a href="#[61]">&gt;&gt;</a>&nbsp;&nbsp;&nbsp;_printf_pre_padding
<LI><a href="#[62]">&gt;&gt;</a>&nbsp;&nbsp;&nbsp;_printf_post_padding
<LI><a href="#[5f]">&gt;&gt;</a>&nbsp;&nbsp;&nbsp;_fp_digits
<LI><a href="#[63]">&gt;&gt;</a>&nbsp;&nbsp;&nbsp;__aeabi_uidivmod
<LI><a href="#[43]">&gt;&gt;</a>&nbsp;&nbsp;&nbsp;__aeabi_uldivmod
</UL>
<BR>[Called By]<UL><LI><a href="#[5d]">&gt;&gt;</a>&nbsp;&nbsp;&nbsp;__0vsprintf
</UL>

<P><STRONG><a name="[62]"></a>_printf_post_padding</STRONG> (Thumb, 32 bytes, Stack size 24 bytes, printfa.o(i._printf_post_padding), UNUSED)
<BR><BR>[Called By]<UL><LI><a href="#[5e]">&gt;&gt;</a>&nbsp;&nbsp;&nbsp;_printf_core
</UL>

<P><STRONG><a name="[61]"></a>_printf_pre_padding</STRONG> (Thumb, 44 bytes, Stack size 40 bytes, printfa.o(i._printf_pre_padding), UNUSED)
<BR><BR>[Called By]<UL><LI><a href="#[5e]">&gt;&gt;</a>&nbsp;&nbsp;&nbsp;_printf_core
</UL>

<P><STRONG><a name="[22]"></a>_sputc</STRONG> (Thumb, 10 bytes, Stack size 0 bytes, printfa.o(i._sputc))
<BR><BR>[Called By]<UL><LI><a href="#[5d]">&gt;&gt;</a>&nbsp;&nbsp;&nbsp;__0vsprintf
</UL>
<BR>[Address Reference Count : 1]<UL><LI> printfa.o(i.__0vsprintf)
</UL><P>
<H3>
Undefined Global Symbols
</H3><HR></body></html>
