<html>
<body>
<pre>
<h1>킮ision Build Log</h1>
<h2>Tool Versions:</h2>
IDE-Version: μVision V5.15
Copyright (C) 2015 ARM Ltd and ARM Germany GmbH. All rights reserved.
License Information: dalsoo ryang, air, LIC=----
 
Tool Versions:
Toolchain:       MDK-Lite  Version: 5.15.0
Toolchain Path:  C:\Keil_v5\ARM\ARMCC\Bin
C Compiler:      Armcc.exe V5.05 update 2 (build 169)
Assembler:       Armasm.exe V5.05 update 2 (build 169)
Linker/Locator:  ArmLink.exe V5.05 update 2 (build 169)
Library Manager: ArmAr.exe V5.05 update 2 (build 169)
Hex Converter:   FromElf.exe V5.05 update 2 (build 169)
CPU DLL:         
Dialog DLL:      
Target DLL:      Segger\JL2CM3.dll V2.99.15.0
Dialog DLL:      TARMCM1.DLL V1.9.0.0
 
<h2>Project:</h2>
C:\Users\Air_RnD\Documents\hex-air\환경센서 모듈\AIR_PROJECT2\Firmware\Project2_20150728\pca10028\arm5\experimental_ble_app_uart_s110_pca10028.uvprojx
Project File Date:  08/20/2015

<h2>Output:</h2>
*** Using Compiler 'V5.05 update 2 (build 169)', folder: 'C:\Keil_v5\ARM\ARMCC\Bin'
Build target 'nrf51422_xxac_s110'
compiling ble_nus.c...
compiling main.c...
compiling sys_i2c_driver.c...
compiling sys_delay.c...
compiling sys_uart.c...
compiling sys_initialize.c...
compiling sys_interrupt.c...
..\..\user_App\src\sys_interrupt.c(89): warning:  #550-D: variable "battery_flag" was set but never used
        u8 battery_flag=0;
..\..\user_App\src\sys_interrupt.c: 1 warning, 0 errors
compiling sys_ble_process.c...
compiling sys_Gas_Battery.c...
compiling sys_iAQ_sensor.c...
..\..\user_App\src\sys_iAQ_sensor.c(22): warning:  #550-D: variable "iAQregister" was set but never used
        u32 iAQregister=0;
..\..\user_App\src\sys_iAQ_sensor.c: 1 warning, 0 errors
compiling sys_dust_sensor.c...
compiling SYS_TempHumiPress.c...
compiling bsp.c...
assembling arm_startup_nrf51.s...
compiling system_nrf51.c...
compiling ble_srv_common.c...
compiling ble_advdata.c...
compiling ble_conn_params.c...
compiling nrf_delay.c...
compiling simple_uart.c...
compiling app_button.c...
compiling app_error.c...
compiling app_gpiote.c...
compiling app_scheduler.c...
compiling app_timer.c...
compiling nrf_assert.c...
compiling softdevice_handler.c...
linking...
Program Size: Code=18636 RO-data=268 RW-data=264 ZI-data=3344  
FromELF: creating hex file...
".\_build\nrf51422_xxac_s110.axf" - 0 Error(s), 2 Warning(s).

<h2>Software Packages used:</h2>

Package Vendor: ARM
                http://www.keil.com/pack/ARM.CMSIS.4.3.0.pack
                ARM::CMSIS:CORE:4.1.0
                CMSIS (Cortex Microcontroller Software Interface Standard)
   * Component: CORE Version: 4.1.0

Package Vendor: NordicSemiconductor
                http://developer.nordicsemi.com/nRF51_SDK/pieces/nRF_BLE/NordicSemiconductor.nRF_BLE.1.1.1.pack
                NordicSemiconductor::nRF_BLE:BLE_Modules:ble_advdata:1.1.1
                Bluetooth Low Energy (Bluetooth Smart) services and software modules for Nordic Semiconductor nRF family.
   * Component: ble_advdata Version: 1.1.1
   * Component: ble_conn_params Version: 1.1.1
   * Component: ble_service_common Version: 1.1.1
   * Component: ble_common Version: 1.1.1

Package Vendor: NordicSemiconductor
                http://developer.nordicsemi.com/nRF51_SDK/pieces/nRF_DeviceFamilyPack/NordicSemiconductor.nRF_DeviceFamilyPack.8.0.3.pack
                NordicSemiconductor::Device:Startup:8.0.3
                Nordic Semiconductor nRF ARM devices Device Family Pack.
   * Component: Startup Version: 8.0.3

Package Vendor: NordicSemiconductor
                http://developer.nordicsemi.com/nRF51_SDK/pieces/nRF_Drivers/NordicSemiconductor.nRF_Drivers.1.2.1.pack
                NordicSemiconductor::nRF_Drivers:nrf_gpio:1.2.1
                Drivers for Nordic Semiconductor nRF family.
   * Component: nrf_gpio Version: 1.2.1
   * Component: nrf_delay Version: 1.2.1
   * Component: nrf_error Variant: default Version: 1.2.1
   * Component: simple_uart Version: 1.2.1

Package Vendor: NordicSemiconductor
                http://developer.nordicsemi.com/nRF51_SDK/pieces/nRF_Examples/NordicSemiconductor.nRF_Examples.7.2.0.pack
                NordicSemiconductor::Board Support:bsp:default:7.2.0
                Examples and BSP for Nordic Semiconductor nRF family.
   * Component: bsp Variant: default Version: 7.2.0

Package Vendor: NordicSemiconductor
                http://developer.nordicsemi.com/nRF51_SDK/pieces/nRF_Libraries/NordicSemiconductor.nRF_Libraries.1.1.1.pack
                NordicSemiconductor::nRF_Libraries:app_error:1.1.1
                Software modules for Nordic Semiconductor nRF family.
   * Component: app_error Version: 1.1.1
   * Component: app_gpiote Variant: default Version: 1.1.1
   * Component: app_button Version: 1.1.1
   * Component: app_scheduler Variant: default Version: 1.1.1
   * Component: app_timer Variant: default Version: 1.1.1
   * Component: app_util Variant: default Version: 1.1.1
   * Component: nrf_assert Version: 1.1.1

Package Vendor: NordicSemiconductor
                http://developer.nordicsemi.com/nRF51_SDK/pieces/nRF_SoftDevice_Common/NordicSemiconductor.nRF_SoftDevice_Common.1.1.1.pack
                NordicSemiconductor::nRF_SoftDevice:Internal:sd_common:default:1.1.1
                Common components for Nordic Semiconductor nRF family SoftDevices.
   * Component: sd_common Variant: default Version: 1.1.1
   * Component: softdevice_present Version: 1.1.1

Package Vendor: NordicSemiconductor
                http://developer.nordicsemi.com/nRF51_SDK/pieces/nRF_SoftDevice_S110/NordicSemiconductor.nRF_SoftDevice_S110.7.1.0-3.pack
                NordicSemiconductor::nRF_SoftDevice:s110:default:7.1.0-3
                Components for Bluetooth Low Energy (Bluetooth Smart) S110 SoftDevice for Nordic Semiconductor nRF family.
   * Component: s110 Variant: default Version: 7.1.0-3

<h2>Collection of Component include folders:</h2>
  C:\Users\Air_RnD\Documents\hex-air\환경센서 모듈\AIR_PROJECT2\Firmware\Project2_20150728\pca10028\arm5\RTE
  C:\Users\Air_RnD\Documents\hex-air\환경센서 모듈\AIR_PROJECT2\Firmware\Project2_20150728\pca10028\arm5\RTE\nRF_BLE\nRF51422_xxAC
  C:\Users\Air_RnD\Documents\hex-air\환경센서 모듈\AIR_PROJECT2\Firmware\Project2_20150728\pca10028\arm5\RTE\nRF_Drivers\nRF51422_xxAC
  C:\Users\Air_RnD\Documents\hex-air\환경센서 모듈\AIR_PROJECT2\Firmware\Project2_20150728\pca10028\arm5\RTE\nRF_Libraries\nRF51422_xxAC
  C:\Keil_v5\ARM\PACK\ARM\CMSIS\4.3.0\CMSIS\Include
  C:\Keil_v5\ARM\PACK\NordicSemiconductor\nRF_BLE\1.1.1\common
  C:\Keil_v5\ARM\PACK\NordicSemiconductor\nRF_DeviceFamilyPack\8.0.3\Device\Include
  C:\Keil_v5\ARM\PACK\NordicSemiconductor\nRF_Drivers\1.2.1\hal
  C:\Keil_v5\ARM\PACK\NordicSemiconductor\nRF_Drivers\1.2.1\simple_uart
  C:\Keil_v5\ARM\PACK\NordicSemiconductor\nRF_Examples\7.2.0\bsp
  C:\Keil_v5\ARM\PACK\NordicSemiconductor\nRF_Libraries\1.1.1\button
  C:\Keil_v5\ARM\PACK\NordicSemiconductor\nRF_Libraries\1.1.1\gpiote
  C:\Keil_v5\ARM\PACK\NordicSemiconductor\nRF_Libraries\1.1.1\scheduler
  C:\Keil_v5\ARM\PACK\NordicSemiconductor\nRF_Libraries\1.1.1\timer
  C:\Keil_v5\ARM\PACK\NordicSemiconductor\nRF_Libraries\1.1.1\util
  C:\Keil_v5\ARM\PACK\NordicSemiconductor\nRF_SoftDevice_Common\1.1.1\softdevice_handler
  C:\Keil_v5\ARM\PACK\NordicSemiconductor\nRF_SoftDevice_S110\7.1.0-3\headers

<h2>Collection of Component Files used:</h2>

   * Component: ARM::CMSIS:CORE:4.1.0

   * Component: NordicSemiconductor::nRF_BLE:BLE_Modules:ble_advdata:1.1.1
      Source file:   common\ble_advdata.c
      Include file:  common\ble_advdata.h

   * Component: NordicSemiconductor::nRF_BLE:BLE_Modules:ble_conn_params:1.1.1
      Source file:   common\ble_conn_params.c
      Include file:  common\ble_conn_params.h

   * Component: NordicSemiconductor::nRF_BLE:BLE_Modules:ble_service_common:1.1.1
      Source file:   common\ble_srv_common.c
      Include file:  common\ble_srv_common.h

   * Component: NordicSemiconductor::nRF_BLE:BLE_Modules:ble_common:1.1.1

   * Component: NordicSemiconductor::Device:Startup:8.0.3
      Source file:   Device\Source\arm\arm_startup_nrf51.s
      Source file:   Device\Source\system_nrf51.c
      Include file:  Device\Include\system_nrf51.h

   * Component: NordicSemiconductor::nRF_Drivers:nrf_gpio:1.2.1
      Include file:  hal\nrf_gpio.h

   * Component: NordicSemiconductor::nRF_Drivers:nrf_delay:1.2.1
      Source file:   hal\nrf_delay.c
      Include file:  hal\nrf_delay.h

   * Component: NordicSemiconductor::nRF_Drivers:nrf_error:default:1.2.1

   * Component: NordicSemiconductor::nRF_Drivers:simple_uart:1.2.1
      Source file:   simple_uart\simple_uart.c
      Include file:  simple_uart\simple_uart.h

   * Component: NordicSemiconductor::Board Support:bsp:default:7.2.0
      Source file:   bsp\bsp.c

   * Component: NordicSemiconductor::nRF_Libraries:app_error:1.1.1
      Include file:  util\app_error.h
      Source file:   util\app_error.c

   * Component: NordicSemiconductor::nRF_Libraries:app_gpiote:default:1.1.1
      Source file:   gpiote\app_gpiote.c
      Include file:  gpiote\app_gpiote.h

   * Component: NordicSemiconductor::nRF_Libraries:app_button:1.1.1
      Source file:   button\app_button.c
      Include file:  button\app_button.h

   * Component: NordicSemiconductor::nRF_Libraries:app_scheduler:default:1.1.1
      Source file:   scheduler\app_scheduler.c
      Include file:  scheduler\app_scheduler.h

   * Component: NordicSemiconductor::nRF_Libraries:app_timer:default:1.1.1
      Include file:  timer\app_timer.h
      Source file:   timer\app_timer.c

   * Component: NordicSemiconductor::nRF_Libraries:app_util:default:1.1.1

   * Component: NordicSemiconductor::nRF_Libraries:nrf_assert:1.1.1
      Source file:   util\nrf_assert.c
      Include file:  util\nrf_assert.h

   * Component: NordicSemiconductor::nRF_SoftDevice:Internal:sd_common:default:1.1.1
      Source file:   softdevice_handler\softdevice_handler.c

   * Component: NordicSemiconductor::nRF_SoftDevice:Internal:softdevice_present:1.1.1

   * Component: NordicSemiconductor::nRF_SoftDevice:s110:default:7.1.0-3
      Include file:  headers\ble_gatt.h
      Include file:  headers\nrf_error.h
      Include file:  headers\ble_gatts.h
      Include file:  headers\ble_hci.h
      Include file:  headers\nrf_error_sdm.h
      Include file:  headers\ble_types.h
      Include file:  headers\ble_gap.h
      Include file:  headers\nrf_sdm.h
      Include file:  headers\nrf_error_soc.h
      Include file:  headers\nrf_soc.h
      Include file:  headers\ble_gattc.h
      Include file:  headers\nrf_svc.h
      Include file:  headers\ble_err.h
      Include file:  headers\ble.h
      Include file:  headers\nrf_mbr.h
      Include file:  headers\ble_ranges.h
      Include file:  headers\ble_l2cap.h
      Include file:  headers\softdevice_assert.h
</pre>
</body>
</html>
